Archive member included to satisfy reference by file (symbol)

/usr/lib/x86_64-linux-gnu/libc_nonshared.a(elf-init.oS)
                              /usr/lib/gcc/x86_64-linux-gnu/9/../../../x86_64-linux-gnu/Scrt1.o (__libc_csu_init)

Merging program properties


As-needed library included to satisfy reference by file (symbol)

libc.so.6                     params.c.o (exit@@GLIBC_2.2.5)

Discarded input sections

 .rodata.cst4   0x0000000000000000        0x4 /usr/lib/gcc/x86_64-linux-gnu/9/../../../x86_64-linux-gnu/Scrt1.o
 .data          0x0000000000000000        0x4 /usr/lib/gcc/x86_64-linux-gnu/9/../../../x86_64-linux-gnu/Scrt1.o
 .bss           0x0000000000000000        0x0 /usr/lib/gcc/x86_64-linux-gnu/9/../../../x86_64-linux-gnu/Scrt1.o
 .note.GNU-stack
                0x0000000000000000        0x0 /usr/lib/gcc/x86_64-linux-gnu/9/../../../x86_64-linux-gnu/Scrt1.o
 .text          0x0000000000000000        0x0 /usr/lib/gcc/x86_64-linux-gnu/9/../../../x86_64-linux-gnu/crti.o
 .data          0x0000000000000000        0x0 /usr/lib/gcc/x86_64-linux-gnu/9/../../../x86_64-linux-gnu/crti.o
 .bss           0x0000000000000000        0x0 /usr/lib/gcc/x86_64-linux-gnu/9/../../../x86_64-linux-gnu/crti.o
 .note.gnu.property
                0x0000000000000000       0x20 /usr/lib/gcc/x86_64-linux-gnu/9/../../../x86_64-linux-gnu/crti.o
 .note.GNU-stack
                0x0000000000000000        0x0 /usr/lib/gcc/x86_64-linux-gnu/9/../../../x86_64-linux-gnu/crti.o
 .data          0x0000000000000000        0x0 /usr/lib/gcc/x86_64-linux-gnu/9/crtbeginS.o
 .note.GNU-stack
                0x0000000000000000        0x0 /usr/lib/gcc/x86_64-linux-gnu/9/crtbeginS.o
 .note.gnu.property
                0x0000000000000000       0x20 /usr/lib/gcc/x86_64-linux-gnu/9/crtbeginS.o
 .text          0x0000000000000000        0x0 /usr/lib/gcc/x86_64-linux-gnu/9/libasan_preinit.o
 .data          0x0000000000000000        0x0 /usr/lib/gcc/x86_64-linux-gnu/9/libasan_preinit.o
 .bss           0x0000000000000000        0x0 /usr/lib/gcc/x86_64-linux-gnu/9/libasan_preinit.o
 .note.GNU-stack
                0x0000000000000000        0x0 /usr/lib/gcc/x86_64-linux-gnu/9/libasan_preinit.o
 .note.gnu.property
                0x0000000000000000       0x20 /usr/lib/gcc/x86_64-linux-gnu/9/libasan_preinit.o
 .text          0x0000000000000000        0x0 _ELFNAME_spx_streaming.elf.o
 .data          0x0000000000000000        0x0 _ELFNAME_spx_streaming.elf.o
 .bss           0x0000000000000000        0x0 _ELFNAME_spx_streaming.elf.o
 .note.GNU-stack
                0x0000000000000000        0x0 _ELFNAME_spx_streaming.elf.o
 .note.gnu.property
                0x0000000000000000       0x20 _ELFNAME_spx_streaming.elf.o
 .group         0x0000000000000000        0xc params.c.o
 .group         0x0000000000000000        0xc params.c.o
 .group         0x0000000000000000        0xc params.c.o
 .group         0x0000000000000000        0xc params.c.o
 .group         0x0000000000000000        0xc params.c.o
 .group         0x0000000000000000        0xc params.c.o
 .group         0x0000000000000000        0xc params.c.o
 .group         0x0000000000000000        0xc params.c.o
 .group         0x0000000000000000        0xc params.c.o
 .group         0x0000000000000000        0xc params.c.o
 .group         0x0000000000000000        0xc params.c.o
 .group         0x0000000000000000        0xc params.c.o
 .group         0x0000000000000000        0xc params.c.o
 .group         0x0000000000000000        0xc params.c.o
 .group         0x0000000000000000        0xc params.c.o
 .group         0x0000000000000000        0xc params.c.o
 .group         0x0000000000000000        0xc params.c.o
 .group         0x0000000000000000        0xc params.c.o
 .group         0x0000000000000000        0xc params.c.o
 .group         0x0000000000000000        0xc params.c.o
 .group         0x0000000000000000        0xc params.c.o
 .group         0x0000000000000000        0xc params.c.o
 .group         0x0000000000000000        0xc params.c.o
 .group         0x0000000000000000        0xc params.c.o
 .group         0x0000000000000000        0xc params.c.o
 .group         0x0000000000000000        0xc params.c.o
 .group         0x0000000000000000        0xc params.c.o
 .group         0x0000000000000000        0xc params.c.o
 .group         0x0000000000000000        0xc params.c.o
 .group         0x0000000000000000        0xc params.c.o
 .group         0x0000000000000000        0xc params.c.o
 .group         0x0000000000000000        0xc params.c.o
 .group         0x0000000000000000        0xc params.c.o
 .group         0x0000000000000000        0xc params.c.o
 .group         0x0000000000000000        0xc params.c.o
 .group         0x0000000000000000        0xc params.c.o
 .group         0x0000000000000000        0xc params.c.o
 .group         0x0000000000000000        0xc params.c.o
 .group         0x0000000000000000        0xc params.c.o
 .group         0x0000000000000000        0xc params.c.o
 .group         0x0000000000000000        0xc params.c.o
 .group         0x0000000000000000        0xc params.c.o
 .group         0x0000000000000000        0xc params.c.o
 .group         0x0000000000000000        0xc params.c.o
 .group         0x0000000000000000        0xc params.c.o
 .group         0x0000000000000000        0xc params.c.o
 .text          0x0000000000000000        0x0 params.c.o
 .data          0x0000000000000000        0x0 params.c.o
 .bss           0x0000000000000000        0x0 params.c.o
 .note.GNU-stack
                0x0000000000000000        0x0 params.c.o
 .note.gnu.property
                0x0000000000000000       0x20 params.c.o
 .group         0x0000000000000000        0xc address.c.o
 .group         0x0000000000000000        0xc address.c.o
 .group         0x0000000000000000        0xc address.c.o
 .group         0x0000000000000000        0xc address.c.o
 .group         0x0000000000000000        0xc address.c.o
 .group         0x0000000000000000        0xc address.c.o
 .group         0x0000000000000000        0xc address.c.o
 .group         0x0000000000000000        0xc address.c.o
 .group         0x0000000000000000        0xc address.c.o
 .group         0x0000000000000000        0xc address.c.o
 .group         0x0000000000000000        0xc address.c.o
 .group         0x0000000000000000        0xc address.c.o
 .group         0x0000000000000000        0xc address.c.o
 .group         0x0000000000000000        0xc address.c.o
 .group         0x0000000000000000        0xc address.c.o
 .group         0x0000000000000000        0xc address.c.o
 .group         0x0000000000000000        0xc address.c.o
 .group         0x0000000000000000        0xc address.c.o
 .group         0x0000000000000000        0xc address.c.o
 .group         0x0000000000000000        0xc address.c.o
 .group         0x0000000000000000        0xc address.c.o
 .group         0x0000000000000000        0xc address.c.o
 .group         0x0000000000000000        0xc address.c.o
 .group         0x0000000000000000        0xc address.c.o
 .group         0x0000000000000000        0xc address.c.o
 .group         0x0000000000000000        0xc address.c.o
 .group         0x0000000000000000        0xc address.c.o
 .group         0x0000000000000000        0xc address.c.o
 .group         0x0000000000000000        0xc address.c.o
 .group         0x0000000000000000        0xc address.c.o
 .text          0x0000000000000000        0x0 address.c.o
 .data          0x0000000000000000        0x0 address.c.o
 .bss           0x0000000000000000        0x0 address.c.o
 .debug_macro   0x0000000000000000      0x83e address.c.o
 .debug_macro   0x0000000000000000       0x1c address.c.o
 .debug_macro   0x0000000000000000      0x1bb address.c.o
 .debug_macro   0x0000000000000000      0x17f address.c.o
 .debug_macro   0x0000000000000000       0x16 address.c.o
 .debug_macro   0x0000000000000000       0x4a address.c.o
 .debug_macro   0x0000000000000000       0x40 address.c.o
 .debug_macro   0x0000000000000000       0x4c address.c.o
 .debug_macro   0x0000000000000000       0x67 address.c.o
 .debug_macro   0x0000000000000000       0xf4 address.c.o
 .debug_macro   0x0000000000000000       0x10 address.c.o
 .debug_macro   0x0000000000000000       0x52 address.c.o
 .debug_macro   0x0000000000000000       0x97 address.c.o
 .debug_macro   0x0000000000000000       0x12 address.c.o
 .debug_macro   0x0000000000000000       0x10 address.c.o
 .debug_macro   0x0000000000000000       0x10 address.c.o
 .debug_macro   0x0000000000000000       0x10 address.c.o
 .debug_macro   0x0000000000000000       0x10 address.c.o
 .debug_macro   0x0000000000000000       0x34 address.c.o
 .debug_macro   0x0000000000000000       0x4c address.c.o
 .debug_macro   0x0000000000000000       0x2e address.c.o
 .debug_macro   0x0000000000000000       0x19 address.c.o
 .note.GNU-stack
                0x0000000000000000        0x0 address.c.o
 .note.gnu.property
                0x0000000000000000       0x20 address.c.o
 .group         0x0000000000000000        0xc rng.c.o
 .group         0x0000000000000000        0xc rng.c.o
 .group         0x0000000000000000        0xc rng.c.o
 .group         0x0000000000000000        0xc rng.c.o
 .group         0x0000000000000000        0xc rng.c.o
 .group         0x0000000000000000        0xc rng.c.o
 .group         0x0000000000000000        0xc rng.c.o
 .group         0x0000000000000000        0xc rng.c.o
 .group         0x0000000000000000        0xc rng.c.o
 .group         0x0000000000000000        0xc rng.c.o
 .group         0x0000000000000000        0xc rng.c.o
 .group         0x0000000000000000        0xc rng.c.o
 .group         0x0000000000000000        0xc rng.c.o
 .group         0x0000000000000000        0xc rng.c.o
 .group         0x0000000000000000        0xc rng.c.o
 .group         0x0000000000000000        0xc rng.c.o
 .group         0x0000000000000000        0xc rng.c.o
 .group         0x0000000000000000        0xc rng.c.o
 .group         0x0000000000000000        0xc rng.c.o
 .group         0x0000000000000000        0xc rng.c.o
 .group         0x0000000000000000        0xc rng.c.o
 .group         0x0000000000000000        0xc rng.c.o
 .group         0x0000000000000000        0xc rng.c.o
 .group         0x0000000000000000        0xc rng.c.o
 .group         0x0000000000000000        0xc rng.c.o
 .group         0x0000000000000000        0xc rng.c.o
 .group         0x0000000000000000        0xc rng.c.o
 .group         0x0000000000000000        0xc rng.c.o
 .group         0x0000000000000000        0xc rng.c.o
 .group         0x0000000000000000        0xc rng.c.o
 .group         0x0000000000000000        0xc rng.c.o
 .group         0x0000000000000000        0xc rng.c.o
 .group         0x0000000000000000        0xc rng.c.o
 .group         0x0000000000000000        0xc rng.c.o
 .group         0x0000000000000000        0xc rng.c.o
 .group         0x0000000000000000        0xc rng.c.o
 .text          0x0000000000000000        0x0 rng.c.o
 .data          0x0000000000000000        0x0 rng.c.o
 .bss           0x0000000000000000        0x0 rng.c.o
 .debug_macro   0x0000000000000000      0x83e rng.c.o
 .debug_macro   0x0000000000000000       0x1c rng.c.o
 .debug_macro   0x0000000000000000      0x1bb rng.c.o
 .debug_macro   0x0000000000000000      0x17f rng.c.o
 .debug_macro   0x0000000000000000       0x16 rng.c.o
 .debug_macro   0x0000000000000000       0x4a rng.c.o
 .debug_macro   0x0000000000000000       0x40 rng.c.o
 .debug_macro   0x0000000000000000       0x4c rng.c.o
 .debug_macro   0x0000000000000000       0x16 rng.c.o
 .debug_macro   0x0000000000000000       0x52 rng.c.o
 .debug_macro   0x0000000000000000       0x4c rng.c.o
 .debug_macro   0x0000000000000000       0x2e rng.c.o
 .debug_macro   0x0000000000000000       0x2e rng.c.o
 .debug_macro   0x0000000000000000       0x86 rng.c.o
 .debug_macro   0x0000000000000000       0x28 rng.c.o
 .debug_macro   0x0000000000000000       0x67 rng.c.o
 .debug_macro   0x0000000000000000       0xf4 rng.c.o
 .debug_macro   0x0000000000000000       0x10 rng.c.o
 .debug_macro   0x0000000000000000       0x12 rng.c.o
 .debug_macro   0x0000000000000000       0x1c rng.c.o
 .debug_macro   0x0000000000000000       0x10 rng.c.o
 .debug_macro   0x0000000000000000       0x10 rng.c.o
 .debug_macro   0x0000000000000000       0x1c rng.c.o
 .debug_macro   0x0000000000000000       0x1c rng.c.o
 .debug_macro   0x0000000000000000       0x4c rng.c.o
 .debug_macro   0x0000000000000000       0x22 rng.c.o
 .debug_macro   0x0000000000000000       0x10 rng.c.o
 .debug_macro   0x0000000000000000       0x4c rng.c.o
 .debug_macro   0x0000000000000000       0x20 rng.c.o
 .debug_macro   0x0000000000000000       0x46 rng.c.o
 .debug_macro   0x0000000000000000       0x16 rng.c.o
 .debug_macro   0x0000000000000000       0x16 rng.c.o
 .debug_macro   0x0000000000000000       0x10 rng.c.o
 .debug_macro   0x0000000000000000       0x10 rng.c.o
 .note.GNU-stack
                0x0000000000000000        0x0 rng.c.o
 .note.gnu.property
                0x0000000000000000       0x20 rng.c.o
 .group         0x0000000000000000        0xc wots.c.o
 .group         0x0000000000000000        0xc wots.c.o
 .group         0x0000000000000000        0xc wots.c.o
 .group         0x0000000000000000        0xc wots.c.o
 .group         0x0000000000000000        0xc wots.c.o
 .group         0x0000000000000000        0xc wots.c.o
 .group         0x0000000000000000        0xc wots.c.o
 .group         0x0000000000000000        0xc wots.c.o
 .group         0x0000000000000000        0xc wots.c.o
 .group         0x0000000000000000        0xc wots.c.o
 .group         0x0000000000000000        0xc wots.c.o
 .group         0x0000000000000000        0xc wots.c.o
 .group         0x0000000000000000        0xc wots.c.o
 .group         0x0000000000000000        0xc wots.c.o
 .group         0x0000000000000000        0xc wots.c.o
 .group         0x0000000000000000        0xc wots.c.o
 .group         0x0000000000000000        0xc wots.c.o
 .group         0x0000000000000000        0xc wots.c.o
 .group         0x0000000000000000        0xc wots.c.o
 .group         0x0000000000000000        0xc wots.c.o
 .group         0x0000000000000000        0xc wots.c.o
 .group         0x0000000000000000        0xc wots.c.o
 .group         0x0000000000000000        0xc wots.c.o
 .group         0x0000000000000000        0xc wots.c.o
 .group         0x0000000000000000        0xc wots.c.o
 .group         0x0000000000000000        0xc wots.c.o
 .group         0x0000000000000000        0xc wots.c.o
 .group         0x0000000000000000        0xc wots.c.o
 .group         0x0000000000000000        0xc wots.c.o
 .group         0x0000000000000000        0xc wots.c.o
 .group         0x0000000000000000        0xc wots.c.o
 .group         0x0000000000000000        0xc wots.c.o
 .group         0x0000000000000000        0xc wots.c.o
 .text          0x0000000000000000        0x0 wots.c.o
 .data          0x0000000000000000        0x0 wots.c.o
 .bss           0x0000000000000000        0x0 wots.c.o
 .debug_macro   0x0000000000000000      0x83e wots.c.o
 .debug_macro   0x0000000000000000       0x1c wots.c.o
 .debug_macro   0x0000000000000000       0x10 wots.c.o
 .debug_macro   0x0000000000000000      0x1bb wots.c.o
 .debug_macro   0x0000000000000000      0x17f wots.c.o
 .debug_macro   0x0000000000000000       0x16 wots.c.o
 .debug_macro   0x0000000000000000       0x4a wots.c.o
 .debug_macro   0x0000000000000000       0x40 wots.c.o
 .debug_macro   0x0000000000000000       0x4c wots.c.o
 .debug_macro   0x0000000000000000       0x67 wots.c.o
 .debug_macro   0x0000000000000000       0xf4 wots.c.o
 .debug_macro   0x0000000000000000       0x10 wots.c.o
 .debug_macro   0x0000000000000000       0x16 wots.c.o
 .debug_macro   0x0000000000000000      0x1b8 wots.c.o
 .debug_macro   0x0000000000000000       0x10 wots.c.o
 .debug_macro   0x0000000000000000       0x52 wots.c.o
 .debug_macro   0x0000000000000000       0x10 wots.c.o
 .debug_macro   0x0000000000000000       0x97 wots.c.o
 .debug_macro   0x0000000000000000       0x10 wots.c.o
 .debug_macro   0x0000000000000000       0x12 wots.c.o
 .debug_macro   0x0000000000000000       0x10 wots.c.o
 .debug_macro   0x0000000000000000       0xfd wots.c.o
 .debug_macro   0x0000000000000000       0x10 wots.c.o
 .debug_macro   0x0000000000000000       0x10 wots.c.o
 .debug_macro   0x0000000000000000       0x35 wots.c.o
 .debug_macro   0x0000000000000000       0x10 wots.c.o
 .debug_macro   0x0000000000000000       0x34 wots.c.o
 .debug_macro   0x0000000000000000       0x4c wots.c.o
 .debug_macro   0x0000000000000000       0x2e wots.c.o
 .debug_macro   0x0000000000000000       0x19 wots.c.o
 .note.GNU-stack
                0x0000000000000000        0x0 wots.c.o
 .note.gnu.property
                0x0000000000000000       0x20 wots.c.o
 .group         0x0000000000000000        0xc utils.c.o
 .group         0x0000000000000000        0xc utils.c.o
 .group         0x0000000000000000        0xc utils.c.o
 .group         0x0000000000000000        0xc utils.c.o
 .group         0x0000000000000000        0xc utils.c.o
 .group         0x0000000000000000        0xc utils.c.o
 .group         0x0000000000000000        0xc utils.c.o
 .group         0x0000000000000000        0xc utils.c.o
 .group         0x0000000000000000        0xc utils.c.o
 .group         0x0000000000000000        0xc utils.c.o
 .group         0x0000000000000000        0xc utils.c.o
 .group         0x0000000000000000        0xc utils.c.o
 .group         0x0000000000000000        0xc utils.c.o
 .group         0x0000000000000000        0xc utils.c.o
 .group         0x0000000000000000        0xc utils.c.o
 .group         0x0000000000000000        0xc utils.c.o
 .group         0x0000000000000000        0xc utils.c.o
 .group         0x0000000000000000        0xc utils.c.o
 .group         0x0000000000000000        0xc utils.c.o
 .group         0x0000000000000000        0xc utils.c.o
 .group         0x0000000000000000        0xc utils.c.o
 .group         0x0000000000000000        0xc utils.c.o
 .group         0x0000000000000000        0xc utils.c.o
 .group         0x0000000000000000        0xc utils.c.o
 .group         0x0000000000000000        0xc utils.c.o
 .group         0x0000000000000000        0xc utils.c.o
 .group         0x0000000000000000        0xc utils.c.o
 .group         0x0000000000000000        0xc utils.c.o
 .group         0x0000000000000000        0xc utils.c.o
 .group         0x0000000000000000        0xc utils.c.o
 .group         0x0000000000000000        0xc utils.c.o
 .group         0x0000000000000000        0xc utils.c.o
 .group         0x0000000000000000        0xc utils.c.o
 .group         0x0000000000000000        0xc utils.c.o
 .group         0x0000000000000000        0xc utils.c.o
 .group         0x0000000000000000        0xc utils.c.o
 .group         0x0000000000000000        0xc utils.c.o
 .group         0x0000000000000000        0xc utils.c.o
 .group         0x0000000000000000        0xc utils.c.o
 .group         0x0000000000000000        0xc utils.c.o
 .group         0x0000000000000000        0xc utils.c.o
 .group         0x0000000000000000        0xc utils.c.o
 .group         0x0000000000000000        0xc utils.c.o
 .group         0x0000000000000000        0xc utils.c.o
 .group         0x0000000000000000        0xc utils.c.o
 .group         0x0000000000000000        0xc utils.c.o
 .group         0x0000000000000000        0xc utils.c.o
 .group         0x0000000000000000        0xc utils.c.o
 .group         0x0000000000000000        0xc utils.c.o
 .group         0x0000000000000000        0xc utils.c.o
 .group         0x0000000000000000        0xc utils.c.o
 .group         0x0000000000000000        0xc utils.c.o
 .group         0x0000000000000000        0xc utils.c.o
 .group         0x0000000000000000        0xc utils.c.o
 .group         0x0000000000000000        0xc utils.c.o
 .group         0x0000000000000000        0xc utils.c.o
 .text          0x0000000000000000        0x0 utils.c.o
 .data          0x0000000000000000        0x0 utils.c.o
 .bss           0x0000000000000000        0x0 utils.c.o
 .text.i32_to_bytes
                0x0000000000000000      0x132 utils.c.o
 .text.treehash
                0x0000000000000000      0x8c8 utils.c.o
 .debug_macro   0x0000000000000000      0x83e utils.c.o
 .debug_macro   0x0000000000000000       0x1c utils.c.o
 .debug_macro   0x0000000000000000       0x10 utils.c.o
 .debug_macro   0x0000000000000000      0x1bb utils.c.o
 .debug_macro   0x0000000000000000      0x17f utils.c.o
 .debug_macro   0x0000000000000000       0x16 utils.c.o
 .debug_macro   0x0000000000000000       0x4a utils.c.o
 .debug_macro   0x0000000000000000       0x40 utils.c.o
 .debug_macro   0x0000000000000000       0x4c utils.c.o
 .debug_macro   0x0000000000000000       0x10 utils.c.o
 .debug_macro   0x0000000000000000       0x97 utils.c.o
 .debug_macro   0x0000000000000000       0x10 utils.c.o
 .debug_macro   0x0000000000000000       0x12 utils.c.o
 .debug_macro   0x0000000000000000       0x10 utils.c.o
 .debug_macro   0x0000000000000000       0x52 utils.c.o
 .debug_macro   0x0000000000000000       0x67 utils.c.o
 .debug_macro   0x0000000000000000       0xf4 utils.c.o
 .debug_macro   0x0000000000000000       0x10 utils.c.o
 .debug_macro   0x0000000000000000       0x16 utils.c.o
 .debug_macro   0x0000000000000000      0x1b8 utils.c.o
 .debug_macro   0x0000000000000000       0x10 utils.c.o
 .debug_macro   0x0000000000000000       0xfd utils.c.o
 .debug_macro   0x0000000000000000       0x10 utils.c.o
 .debug_macro   0x0000000000000000       0x10 utils.c.o
 .debug_macro   0x0000000000000000       0x35 utils.c.o
 .debug_macro   0x0000000000000000       0x10 utils.c.o
 .debug_macro   0x0000000000000000       0x34 utils.c.o
 .debug_macro   0x0000000000000000       0x4c utils.c.o
 .debug_macro   0x0000000000000000       0x2e utils.c.o
 .debug_macro   0x0000000000000000       0x19 utils.c.o
 .debug_macro   0x0000000000000000       0x1c utils.c.o
 .debug_macro   0x0000000000000000       0x28 utils.c.o
 .debug_macro   0x0000000000000000       0x28 utils.c.o
 .debug_macro   0x0000000000000000       0x16 utils.c.o
 .debug_macro   0x0000000000000000       0x52 utils.c.o
 .debug_macro   0x0000000000000000       0x4c utils.c.o
 .debug_macro   0x0000000000000000       0x2e utils.c.o
 .debug_macro   0x0000000000000000       0x2e utils.c.o
 .debug_macro   0x0000000000000000       0x86 utils.c.o
 .debug_macro   0x0000000000000000       0x28 utils.c.o
 .debug_macro   0x0000000000000000       0x4c utils.c.o
 .debug_macro   0x0000000000000000       0x1c utils.c.o
 .debug_macro   0x0000000000000000       0x10 utils.c.o
 .debug_macro   0x0000000000000000       0x10 utils.c.o
 .debug_macro   0x0000000000000000       0x1c utils.c.o
 .debug_macro   0x0000000000000000       0x1c utils.c.o
 .debug_macro   0x0000000000000000       0x4c utils.c.o
 .debug_macro   0x0000000000000000       0x22 utils.c.o
 .debug_macro   0x0000000000000000       0x10 utils.c.o
 .debug_macro   0x0000000000000000       0x4c utils.c.o
 .debug_macro   0x0000000000000000       0x20 utils.c.o
 .debug_macro   0x0000000000000000       0x46 utils.c.o
 .debug_macro   0x0000000000000000       0x16 utils.c.o
 .debug_macro   0x0000000000000000       0x16 utils.c.o
 .debug_macro   0x0000000000000000       0x10 utils.c.o
 .debug_macro   0x0000000000000000       0x10 utils.c.o
 .note.GNU-stack
                0x0000000000000000        0x0 utils.c.o
 .note.gnu.property
                0x0000000000000000       0x20 utils.c.o
 .group         0x0000000000000000        0xc fors.c.o
 .group         0x0000000000000000        0xc fors.c.o
 .group         0x0000000000000000        0xc fors.c.o
 .group         0x0000000000000000        0xc fors.c.o
 .group         0x0000000000000000        0xc fors.c.o
 .group         0x0000000000000000        0xc fors.c.o
 .group         0x0000000000000000        0xc fors.c.o
 .group         0x0000000000000000        0xc fors.c.o
 .group         0x0000000000000000        0xc fors.c.o
 .group         0x0000000000000000        0xc fors.c.o
 .group         0x0000000000000000        0xc fors.c.o
 .group         0x0000000000000000        0xc fors.c.o
 .group         0x0000000000000000        0xc fors.c.o
 .group         0x0000000000000000        0xc fors.c.o
 .group         0x0000000000000000        0xc fors.c.o
 .group         0x0000000000000000        0xc fors.c.o
 .group         0x0000000000000000        0xc fors.c.o
 .group         0x0000000000000000        0xc fors.c.o
 .group         0x0000000000000000        0xc fors.c.o
 .group         0x0000000000000000        0xc fors.c.o
 .group         0x0000000000000000        0xc fors.c.o
 .group         0x0000000000000000        0xc fors.c.o
 .group         0x0000000000000000        0xc fors.c.o
 .group         0x0000000000000000        0xc fors.c.o
 .group         0x0000000000000000        0xc fors.c.o
 .group         0x0000000000000000        0xc fors.c.o
 .group         0x0000000000000000        0xc fors.c.o
 .group         0x0000000000000000        0xc fors.c.o
 .group         0x0000000000000000        0xc fors.c.o
 .group         0x0000000000000000        0xc fors.c.o
 .group         0x0000000000000000        0xc fors.c.o
 .group         0x0000000000000000        0xc fors.c.o
 .group         0x0000000000000000        0xc fors.c.o
 .group         0x0000000000000000        0xc fors.c.o
 .group         0x0000000000000000        0xc fors.c.o
 .group         0x0000000000000000        0xc fors.c.o
 .group         0x0000000000000000        0xc fors.c.o
 .group         0x0000000000000000        0xc fors.c.o
 .group         0x0000000000000000        0xc fors.c.o
 .group         0x0000000000000000        0xc fors.c.o
 .group         0x0000000000000000        0xc fors.c.o
 .group         0x0000000000000000        0xc fors.c.o
 .group         0x0000000000000000        0xc fors.c.o
 .group         0x0000000000000000        0xc fors.c.o
 .group         0x0000000000000000        0xc fors.c.o
 .group         0x0000000000000000        0xc fors.c.o
 .group         0x0000000000000000        0xc fors.c.o
 .group         0x0000000000000000        0xc fors.c.o
 .group         0x0000000000000000        0xc fors.c.o
 .group         0x0000000000000000        0xc fors.c.o
 .group         0x0000000000000000        0xc fors.c.o
 .group         0x0000000000000000        0xc fors.c.o
 .group         0x0000000000000000        0xc fors.c.o
 .group         0x0000000000000000        0xc fors.c.o
 .group         0x0000000000000000        0xc fors.c.o
 .group         0x0000000000000000        0xc fors.c.o
 .text          0x0000000000000000        0x0 fors.c.o
 .data          0x0000000000000000        0x0 fors.c.o
 .bss           0x0000000000000000        0x0 fors.c.o
 .debug_macro   0x0000000000000000       0x1c fors.c.o
 .debug_macro   0x0000000000000000      0x1bb fors.c.o
 .debug_macro   0x0000000000000000      0x17f fors.c.o
 .debug_macro   0x0000000000000000       0x16 fors.c.o
 .debug_macro   0x0000000000000000       0x4a fors.c.o
 .debug_macro   0x0000000000000000       0x40 fors.c.o
 .debug_macro   0x0000000000000000       0x4c fors.c.o
 .debug_macro   0x0000000000000000       0x16 fors.c.o
 .debug_macro   0x0000000000000000      0x10e fors.c.o
 .debug_macro   0x0000000000000000       0x52 fors.c.o
 .debug_macro   0x0000000000000000       0x4c fors.c.o
 .debug_macro   0x0000000000000000       0x2e fors.c.o
 .debug_macro   0x0000000000000000       0x2e fors.c.o
 .debug_macro   0x0000000000000000       0x86 fors.c.o
 .debug_macro   0x0000000000000000       0x28 fors.c.o
 .debug_macro   0x0000000000000000       0x67 fors.c.o
 .debug_macro   0x0000000000000000       0xf4 fors.c.o
 .debug_macro   0x0000000000000000       0x10 fors.c.o
 .debug_macro   0x0000000000000000       0x52 fors.c.o
 .debug_macro   0x0000000000000000       0x12 fors.c.o
 .debug_macro   0x0000000000000000       0x1c fors.c.o
 .debug_macro   0x0000000000000000       0x10 fors.c.o
 .debug_macro   0x0000000000000000       0x10 fors.c.o
 .debug_macro   0x0000000000000000       0x1c fors.c.o
 .debug_macro   0x0000000000000000       0x1c fors.c.o
 .debug_macro   0x0000000000000000       0x4c fors.c.o
 .debug_macro   0x0000000000000000       0x22 fors.c.o
 .debug_macro   0x0000000000000000       0x10 fors.c.o
 .debug_macro   0x0000000000000000       0x4c fors.c.o
 .debug_macro   0x0000000000000000       0x20 fors.c.o
 .debug_macro   0x0000000000000000       0x46 fors.c.o
 .debug_macro   0x0000000000000000       0x16 fors.c.o
 .debug_macro   0x0000000000000000       0x16 fors.c.o
 .debug_macro   0x0000000000000000       0x10 fors.c.o
 .debug_macro   0x0000000000000000       0x10 fors.c.o
 .debug_macro   0x0000000000000000       0x10 fors.c.o
 .debug_macro   0x0000000000000000       0x52 fors.c.o
 .debug_macro   0x0000000000000000       0x16 fors.c.o
 .debug_macro   0x0000000000000000      0x1b8 fors.c.o
 .debug_macro   0x0000000000000000       0x10 fors.c.o
 .debug_macro   0x0000000000000000       0x10 fors.c.o
 .debug_macro   0x0000000000000000       0x10 fors.c.o
 .debug_macro   0x0000000000000000       0x10 fors.c.o
 .debug_macro   0x0000000000000000       0x10 fors.c.o
 .debug_macro   0x0000000000000000       0x10 fors.c.o
 .debug_macro   0x0000000000000000       0x35 fors.c.o
 .debug_macro   0x0000000000000000       0x10 fors.c.o
 .debug_macro   0x0000000000000000       0x34 fors.c.o
 .debug_macro   0x0000000000000000       0x2e fors.c.o
 .debug_macro   0x0000000000000000       0x19 fors.c.o
 .debug_macro   0x0000000000000000       0x1c fors.c.o
 .debug_macro   0x0000000000000000       0x28 fors.c.o
 .note.GNU-stack
                0x0000000000000000        0x0 fors.c.o
 .note.gnu.property
                0x0000000000000000       0x20 fors.c.o
 .group         0x0000000000000000        0xc sign.c.o
 .group         0x0000000000000000        0xc sign.c.o
 .group         0x0000000000000000        0xc sign.c.o
 .group         0x0000000000000000        0xc sign.c.o
 .group         0x0000000000000000        0xc sign.c.o
 .group         0x0000000000000000        0xc sign.c.o
 .group         0x0000000000000000        0xc sign.c.o
 .group         0x0000000000000000        0xc sign.c.o
 .group         0x0000000000000000        0xc sign.c.o
 .group         0x0000000000000000        0xc sign.c.o
 .group         0x0000000000000000        0xc sign.c.o
 .group         0x0000000000000000        0xc sign.c.o
 .group         0x0000000000000000        0xc sign.c.o
 .group         0x0000000000000000        0xc sign.c.o
 .group         0x0000000000000000        0xc sign.c.o
 .group         0x0000000000000000        0xc sign.c.o
 .group         0x0000000000000000        0xc sign.c.o
 .group         0x0000000000000000        0xc sign.c.o
 .group         0x0000000000000000        0xc sign.c.o
 .group         0x0000000000000000        0xc sign.c.o
 .group         0x0000000000000000        0xc sign.c.o
 .group         0x0000000000000000        0xc sign.c.o
 .group         0x0000000000000000        0xc sign.c.o
 .group         0x0000000000000000        0xc sign.c.o
 .group         0x0000000000000000        0xc sign.c.o
 .group         0x0000000000000000        0xc sign.c.o
 .group         0x0000000000000000        0xc sign.c.o
 .group         0x0000000000000000        0xc sign.c.o
 .group         0x0000000000000000        0xc sign.c.o
 .group         0x0000000000000000        0xc sign.c.o
 .group         0x0000000000000000        0xc sign.c.o
 .text          0x0000000000000000        0x0 sign.c.o
 .data          0x0000000000000000        0x0 sign.c.o
 .bss           0x0000000000000000        0x0 sign.c.o
 .text.crypto_sign_secretkeybytes
                0x0000000000000000       0x4c sign.c.o
 .text.crypto_sign_publickeybytes
                0x0000000000000000       0x4c sign.c.o
 .text.crypto_sign_bytes
                0x0000000000000000       0x4c sign.c.o
 .text.crypto_sign_seedbytes
                0x0000000000000000       0x4c sign.c.o
 .text.crypto_sign
                0x0000000000000000      0x1fc sign.c.o
 .text.crypto_sign_open
                0x0000000000000000      0x23a sign.c.o
 .debug_macro   0x0000000000000000      0x83e sign.c.o
 .debug_macro   0x0000000000000000       0x1c sign.c.o
 .debug_macro   0x0000000000000000       0x10 sign.c.o
 .debug_macro   0x0000000000000000      0x1bb sign.c.o
 .debug_macro   0x0000000000000000      0x17f sign.c.o
 .debug_macro   0x0000000000000000       0x16 sign.c.o
 .debug_macro   0x0000000000000000       0x4a sign.c.o
 .debug_macro   0x0000000000000000       0x40 sign.c.o
 .debug_macro   0x0000000000000000       0x4c sign.c.o
 .debug_macro   0x0000000000000000       0x10 sign.c.o
 .debug_macro   0x0000000000000000       0x35 sign.c.o
 .debug_macro   0x0000000000000000       0x10 sign.c.o
 .debug_macro   0x0000000000000000       0x10 sign.c.o
 .debug_macro   0x0000000000000000       0x52 sign.c.o
 .debug_macro   0x0000000000000000       0x67 sign.c.o
 .debug_macro   0x0000000000000000       0xf4 sign.c.o
 .debug_macro   0x0000000000000000       0x10 sign.c.o
 .debug_macro   0x0000000000000000       0x16 sign.c.o
 .debug_macro   0x0000000000000000      0x1b8 sign.c.o
 .debug_macro   0x0000000000000000       0x10 sign.c.o
 .debug_macro   0x0000000000000000       0x10 sign.c.o
 .debug_macro   0x0000000000000000       0x10 sign.c.o
 .debug_macro   0x0000000000000000       0x34 sign.c.o
 .debug_macro   0x0000000000000000       0x4c sign.c.o
 .debug_macro   0x0000000000000000       0x2e sign.c.o
 .debug_macro   0x0000000000000000       0x19 sign.c.o
 .debug_macro   0x0000000000000000       0x10 sign.c.o
 .debug_macro   0x0000000000000000       0x1c sign.c.o
 .debug_macro   0x0000000000000000       0x28 sign.c.o
 .debug_macro   0x0000000000000000       0x28 sign.c.o
 .note.GNU-stack
                0x0000000000000000        0x0 sign.c.o
 .note.gnu.property
                0x0000000000000000       0x20 sign.c.o
 .group         0x0000000000000000        0xc hash.c.o
 .group         0x0000000000000000        0xc hash.c.o
 .group         0x0000000000000000        0xc hash.c.o
 .group         0x0000000000000000        0xc hash.c.o
 .group         0x0000000000000000        0xc hash.c.o
 .group         0x0000000000000000        0xc hash.c.o
 .group         0x0000000000000000        0xc hash.c.o
 .group         0x0000000000000000        0xc hash.c.o
 .group         0x0000000000000000        0xc hash.c.o
 .group         0x0000000000000000        0xc hash.c.o
 .group         0x0000000000000000        0xc hash.c.o
 .group         0x0000000000000000        0xc hash.c.o
 .group         0x0000000000000000        0xc hash.c.o
 .group         0x0000000000000000        0xc hash.c.o
 .group         0x0000000000000000        0xc hash.c.o
 .group         0x0000000000000000        0xc hash.c.o
 .group         0x0000000000000000        0xc hash.c.o
 .group         0x0000000000000000        0xc hash.c.o
 .group         0x0000000000000000        0xc hash.c.o
 .group         0x0000000000000000        0xc hash.c.o
 .group         0x0000000000000000        0xc hash.c.o
 .group         0x0000000000000000        0xc hash.c.o
 .group         0x0000000000000000        0xc hash.c.o
 .group         0x0000000000000000        0xc hash.c.o
 .group         0x0000000000000000        0xc hash.c.o
 .group         0x0000000000000000        0xc hash.c.o
 .group         0x0000000000000000        0xc hash.c.o
 .group         0x0000000000000000        0xc hash.c.o
 .group         0x0000000000000000        0xc hash.c.o
 .group         0x0000000000000000        0xc hash.c.o
 .group         0x0000000000000000        0xc hash.c.o
 .group         0x0000000000000000        0xc hash.c.o
 .group         0x0000000000000000        0xc hash.c.o
 .group         0x0000000000000000        0xc hash.c.o
 .group         0x0000000000000000        0xc hash.c.o
 .group         0x0000000000000000        0xc hash.c.o
 .group         0x0000000000000000        0xc hash.c.o
 .group         0x0000000000000000        0xc hash.c.o
 .group         0x0000000000000000        0xc hash.c.o
 .group         0x0000000000000000        0xc hash.c.o
 .group         0x0000000000000000        0xc hash.c.o
 .group         0x0000000000000000        0xc hash.c.o
 .group         0x0000000000000000        0xc hash.c.o
 .group         0x0000000000000000        0xc hash.c.o
 .group         0x0000000000000000        0xc hash.c.o
 .group         0x0000000000000000        0xc hash.c.o
 .group         0x0000000000000000        0xc hash.c.o
 .group         0x0000000000000000        0xc hash.c.o
 .group         0x0000000000000000        0xc hash.c.o
 .group         0x0000000000000000        0xc hash.c.o
 .text          0x0000000000000000        0x0 hash.c.o
 .data          0x0000000000000000        0x0 hash.c.o
 .bss           0x0000000000000000        0x0 hash.c.o
 .debug_macro   0x0000000000000000      0x83e hash.c.o
 .debug_macro   0x0000000000000000       0x1c hash.c.o
 .debug_macro   0x0000000000000000       0x10 hash.c.o
 .debug_macro   0x0000000000000000      0x1bb hash.c.o
 .debug_macro   0x0000000000000000      0x17f hash.c.o
 .debug_macro   0x0000000000000000       0x16 hash.c.o
 .debug_macro   0x0000000000000000       0x4a hash.c.o
 .debug_macro   0x0000000000000000       0x40 hash.c.o
 .debug_macro   0x0000000000000000       0x4c hash.c.o
 .debug_macro   0x0000000000000000       0x67 hash.c.o
 .debug_macro   0x0000000000000000       0xf4 hash.c.o
 .debug_macro   0x0000000000000000       0x10 hash.c.o
 .debug_macro   0x0000000000000000       0x16 hash.c.o
 .debug_macro   0x0000000000000000      0x1b8 hash.c.o
 .debug_macro   0x0000000000000000       0x10 hash.c.o
 .debug_macro   0x0000000000000000       0x28 hash.c.o
 .debug_macro   0x0000000000000000      0x174 hash.c.o
 .debug_macro   0x0000000000000000       0x1c hash.c.o
 .debug_macro   0x0000000000000000       0x10 hash.c.o
 .debug_macro   0x0000000000000000       0x52 hash.c.o
 .debug_macro   0x0000000000000000       0x10 hash.c.o
 .debug_macro   0x0000000000000000       0x35 hash.c.o
 .debug_macro   0x0000000000000000       0x10 hash.c.o
 .debug_macro   0x0000000000000000       0x34 hash.c.o
 .debug_macro   0x0000000000000000       0x4c hash.c.o
 .debug_macro   0x0000000000000000       0x2e hash.c.o
 .debug_macro   0x0000000000000000       0x19 hash.c.o
 .debug_macro   0x0000000000000000       0x16 hash.c.o
 .debug_macro   0x0000000000000000       0x52 hash.c.o
 .debug_macro   0x0000000000000000       0x4c hash.c.o
 .debug_macro   0x0000000000000000       0x2e hash.c.o
 .debug_macro   0x0000000000000000       0x2e hash.c.o
 .debug_macro   0x0000000000000000       0x86 hash.c.o
 .debug_macro   0x0000000000000000       0x28 hash.c.o
 .debug_macro   0x0000000000000000       0x4c hash.c.o
 .debug_macro   0x0000000000000000       0x1c hash.c.o
 .debug_macro   0x0000000000000000       0x10 hash.c.o
 .debug_macro   0x0000000000000000       0x10 hash.c.o
 .debug_macro   0x0000000000000000       0x1c hash.c.o
 .debug_macro   0x0000000000000000       0x1c hash.c.o
 .debug_macro   0x0000000000000000       0x4c hash.c.o
 .debug_macro   0x0000000000000000       0x22 hash.c.o
 .debug_macro   0x0000000000000000       0x10 hash.c.o
 .debug_macro   0x0000000000000000       0x4c hash.c.o
 .debug_macro   0x0000000000000000       0x20 hash.c.o
 .debug_macro   0x0000000000000000       0x46 hash.c.o
 .debug_macro   0x0000000000000000       0x16 hash.c.o
 .debug_macro   0x0000000000000000       0x16 hash.c.o
 .debug_macro   0x0000000000000000       0x10 hash.c.o
 .debug_macro   0x0000000000000000       0x10 hash.c.o
 .note.GNU-stack
                0x0000000000000000        0x0 hash.c.o
 .note.gnu.property
                0x0000000000000000       0x20 hash.c.o
 .group         0x0000000000000000        0xc hash_sha256.c.o
 .group         0x0000000000000000        0xc hash_sha256.c.o
 .group         0x0000000000000000        0xc hash_sha256.c.o
 .group         0x0000000000000000        0xc hash_sha256.c.o
 .group         0x0000000000000000        0xc hash_sha256.c.o
 .group         0x0000000000000000        0xc hash_sha256.c.o
 .group         0x0000000000000000        0xc hash_sha256.c.o
 .group         0x0000000000000000        0xc hash_sha256.c.o
 .group         0x0000000000000000        0xc hash_sha256.c.o
 .group         0x0000000000000000        0xc hash_sha256.c.o
 .group         0x0000000000000000        0xc hash_sha256.c.o
 .group         0x0000000000000000        0xc hash_sha256.c.o
 .group         0x0000000000000000        0xc hash_sha256.c.o
 .group         0x0000000000000000        0xc hash_sha256.c.o
 .group         0x0000000000000000        0xc hash_sha256.c.o
 .group         0x0000000000000000        0xc hash_sha256.c.o
 .group         0x0000000000000000        0xc hash_sha256.c.o
 .group         0x0000000000000000        0xc hash_sha256.c.o
 .group         0x0000000000000000        0xc hash_sha256.c.o
 .group         0x0000000000000000        0xc hash_sha256.c.o
 .group         0x0000000000000000        0xc hash_sha256.c.o
 .group         0x0000000000000000        0xc hash_sha256.c.o
 .group         0x0000000000000000        0xc hash_sha256.c.o
 .group         0x0000000000000000        0xc hash_sha256.c.o
 .group         0x0000000000000000        0xc hash_sha256.c.o
 .group         0x0000000000000000        0xc hash_sha256.c.o
 .group         0x0000000000000000        0xc hash_sha256.c.o
 .group         0x0000000000000000        0xc hash_sha256.c.o
 .group         0x0000000000000000        0xc hash_sha256.c.o
 .group         0x0000000000000000        0xc hash_sha256.c.o
 .group         0x0000000000000000        0xc hash_sha256.c.o
 .group         0x0000000000000000        0xc hash_sha256.c.o
 .text          0x0000000000000000        0x0 hash_sha256.c.o
 .data          0x0000000000000000        0x0 hash_sha256.c.o
 .bss           0x0000000000000000        0x0 hash_sha256.c.o
 .debug_macro   0x0000000000000000      0x83e hash_sha256.c.o
 .debug_macro   0x0000000000000000       0x1c hash_sha256.c.o
 .debug_macro   0x0000000000000000       0x10 hash_sha256.c.o
 .debug_macro   0x0000000000000000      0x1bb hash_sha256.c.o
 .debug_macro   0x0000000000000000      0x17f hash_sha256.c.o
 .debug_macro   0x0000000000000000       0x16 hash_sha256.c.o
 .debug_macro   0x0000000000000000       0x4a hash_sha256.c.o
 .debug_macro   0x0000000000000000       0x40 hash_sha256.c.o
 .debug_macro   0x0000000000000000       0x4c hash_sha256.c.o
 .debug_macro   0x0000000000000000       0x67 hash_sha256.c.o
 .debug_macro   0x0000000000000000       0xf4 hash_sha256.c.o
 .debug_macro   0x0000000000000000       0x10 hash_sha256.c.o
 .debug_macro   0x0000000000000000       0x16 hash_sha256.c.o
 .debug_macro   0x0000000000000000      0x1b8 hash_sha256.c.o
 .debug_macro   0x0000000000000000       0x10 hash_sha256.c.o
 .debug_macro   0x0000000000000000       0x52 hash_sha256.c.o
 .debug_macro   0x0000000000000000       0x10 hash_sha256.c.o
 .debug_macro   0x0000000000000000       0x97 hash_sha256.c.o
 .debug_macro   0x0000000000000000       0x10 hash_sha256.c.o
 .debug_macro   0x0000000000000000       0x12 hash_sha256.c.o
 .debug_macro   0x0000000000000000       0x28 hash_sha256.c.o
 .debug_macro   0x0000000000000000       0x10 hash_sha256.c.o
 .debug_macro   0x0000000000000000       0xfd hash_sha256.c.o
 .debug_macro   0x0000000000000000       0x10 hash_sha256.c.o
 .debug_macro   0x0000000000000000       0x10 hash_sha256.c.o
 .debug_macro   0x0000000000000000       0x35 hash_sha256.c.o
 .debug_macro   0x0000000000000000       0x10 hash_sha256.c.o
 .debug_macro   0x0000000000000000       0x34 hash_sha256.c.o
 .debug_macro   0x0000000000000000       0x4c hash_sha256.c.o
 .debug_macro   0x0000000000000000       0x2e hash_sha256.c.o
 .debug_macro   0x0000000000000000       0x19 hash_sha256.c.o
 .debug_macro   0x0000000000000000       0x28 hash_sha256.c.o
 .note.GNU-stack
                0x0000000000000000        0x0 hash_sha256.c.o
 .note.gnu.property
                0x0000000000000000       0x20 hash_sha256.c.o
 .group         0x0000000000000000        0xc thash.c.o
 .group         0x0000000000000000        0xc thash.c.o
 .group         0x0000000000000000        0xc thash.c.o
 .group         0x0000000000000000        0xc thash.c.o
 .group         0x0000000000000000        0xc thash.c.o
 .group         0x0000000000000000        0xc thash.c.o
 .group         0x0000000000000000        0xc thash.c.o
 .group         0x0000000000000000        0xc thash.c.o
 .group         0x0000000000000000        0xc thash.c.o
 .group         0x0000000000000000        0xc thash.c.o
 .group         0x0000000000000000        0xc thash.c.o
 .group         0x0000000000000000        0xc thash.c.o
 .group         0x0000000000000000        0xc thash.c.o
 .group         0x0000000000000000        0xc thash.c.o
 .group         0x0000000000000000        0xc thash.c.o
 .group         0x0000000000000000        0xc thash.c.o
 .group         0x0000000000000000        0xc thash.c.o
 .group         0x0000000000000000        0xc thash.c.o
 .text          0x0000000000000000        0x0 thash.c.o
 .data          0x0000000000000000        0x0 thash.c.o
 .bss           0x0000000000000000        0x0 thash.c.o
 .debug_macro   0x0000000000000000      0x83e thash.c.o
 .debug_macro   0x0000000000000000       0x1c thash.c.o
 .debug_macro   0x0000000000000000       0x10 thash.c.o
 .debug_macro   0x0000000000000000      0x1bb thash.c.o
 .debug_macro   0x0000000000000000      0x17f thash.c.o
 .debug_macro   0x0000000000000000       0x16 thash.c.o
 .debug_macro   0x0000000000000000       0x4a thash.c.o
 .debug_macro   0x0000000000000000       0x40 thash.c.o
 .debug_macro   0x0000000000000000       0x4c thash.c.o
 .debug_macro   0x0000000000000000       0x67 thash.c.o
 .debug_macro   0x0000000000000000       0xf4 thash.c.o
 .debug_macro   0x0000000000000000       0x10 thash.c.o
 .debug_macro   0x0000000000000000       0x16 thash.c.o
 .debug_macro   0x0000000000000000      0x1b8 thash.c.o
 .debug_macro   0x0000000000000000      0x174 thash.c.o
 .debug_macro   0x0000000000000000       0x1c thash.c.o
 .debug_macro   0x0000000000000000       0x10 thash.c.o
 .note.GNU-stack
                0x0000000000000000        0x0 thash.c.o
 .note.gnu.property
                0x0000000000000000       0x20 thash.c.o
 .group         0x0000000000000000        0xc thash_sha256_robust.c.o
 .group         0x0000000000000000        0xc thash_sha256_robust.c.o
 .group         0x0000000000000000        0xc thash_sha256_robust.c.o
 .group         0x0000000000000000        0xc thash_sha256_robust.c.o
 .group         0x0000000000000000        0xc thash_sha256_robust.c.o
 .group         0x0000000000000000        0xc thash_sha256_robust.c.o
 .group         0x0000000000000000        0xc thash_sha256_robust.c.o
 .group         0x0000000000000000        0xc thash_sha256_robust.c.o
 .group         0x0000000000000000        0xc thash_sha256_robust.c.o
 .group         0x0000000000000000        0xc thash_sha256_robust.c.o
 .group         0x0000000000000000        0xc thash_sha256_robust.c.o
 .group         0x0000000000000000        0xc thash_sha256_robust.c.o
 .group         0x0000000000000000        0xc thash_sha256_robust.c.o
 .group         0x0000000000000000        0xc thash_sha256_robust.c.o
 .group         0x0000000000000000        0xc thash_sha256_robust.c.o
 .group         0x0000000000000000        0xc thash_sha256_robust.c.o
 .group         0x0000000000000000        0xc thash_sha256_robust.c.o
 .group         0x0000000000000000        0xc thash_sha256_robust.c.o
 .group         0x0000000000000000        0xc thash_sha256_robust.c.o
 .group         0x0000000000000000        0xc thash_sha256_robust.c.o
 .group         0x0000000000000000        0xc thash_sha256_robust.c.o
 .group         0x0000000000000000        0xc thash_sha256_robust.c.o
 .group         0x0000000000000000        0xc thash_sha256_robust.c.o
 .group         0x0000000000000000        0xc thash_sha256_robust.c.o
 .group         0x0000000000000000        0xc thash_sha256_robust.c.o
 .text          0x0000000000000000        0x0 thash_sha256_robust.c.o
 .data          0x0000000000000000        0x0 thash_sha256_robust.c.o
 .bss           0x0000000000000000        0x0 thash_sha256_robust.c.o
 .debug_macro   0x0000000000000000      0x83e thash_sha256_robust.c.o
 .debug_macro   0x0000000000000000       0x1c thash_sha256_robust.c.o
 .debug_macro   0x0000000000000000       0x10 thash_sha256_robust.c.o
 .debug_macro   0x0000000000000000      0x1bb thash_sha256_robust.c.o
 .debug_macro   0x0000000000000000      0x17f thash_sha256_robust.c.o
 .debug_macro   0x0000000000000000       0x16 thash_sha256_robust.c.o
 .debug_macro   0x0000000000000000       0x4a thash_sha256_robust.c.o
 .debug_macro   0x0000000000000000       0x40 thash_sha256_robust.c.o
 .debug_macro   0x0000000000000000       0x4c thash_sha256_robust.c.o
 .debug_macro   0x0000000000000000       0x67 thash_sha256_robust.c.o
 .debug_macro   0x0000000000000000       0xf4 thash_sha256_robust.c.o
 .debug_macro   0x0000000000000000       0x10 thash_sha256_robust.c.o
 .debug_macro   0x0000000000000000       0x16 thash_sha256_robust.c.o
 .debug_macro   0x0000000000000000      0x1b8 thash_sha256_robust.c.o
 .debug_macro   0x0000000000000000       0x10 thash_sha256_robust.c.o
 .debug_macro   0x0000000000000000       0x52 thash_sha256_robust.c.o
 .debug_macro   0x0000000000000000       0x10 thash_sha256_robust.c.o
 .debug_macro   0x0000000000000000       0x97 thash_sha256_robust.c.o
 .debug_macro   0x0000000000000000       0x10 thash_sha256_robust.c.o
 .debug_macro   0x0000000000000000       0x12 thash_sha256_robust.c.o
 .debug_macro   0x0000000000000000       0xfd thash_sha256_robust.c.o
 .debug_macro   0x0000000000000000       0x1c thash_sha256_robust.c.o
 .debug_macro   0x0000000000000000       0x10 thash_sha256_robust.c.o
 .debug_macro   0x0000000000000000       0x22 thash_sha256_robust.c.o
 .debug_macro   0x0000000000000000       0x28 thash_sha256_robust.c.o
 .note.GNU-stack
                0x0000000000000000        0x0 thash_sha256_robust.c.o
 .note.gnu.property
                0x0000000000000000       0x20 thash_sha256_robust.c.o
 .group         0x0000000000000000        0xc thash_sha256_simple.c.o
 .group         0x0000000000000000        0xc thash_sha256_simple.c.o
 .group         0x0000000000000000        0xc thash_sha256_simple.c.o
 .group         0x0000000000000000        0xc thash_sha256_simple.c.o
 .group         0x0000000000000000        0xc thash_sha256_simple.c.o
 .group         0x0000000000000000        0xc thash_sha256_simple.c.o
 .group         0x0000000000000000        0xc thash_sha256_simple.c.o
 .group         0x0000000000000000        0xc thash_sha256_simple.c.o
 .group         0x0000000000000000        0xc thash_sha256_simple.c.o
 .group         0x0000000000000000        0xc thash_sha256_simple.c.o
 .group         0x0000000000000000        0xc thash_sha256_simple.c.o
 .group         0x0000000000000000        0xc thash_sha256_simple.c.o
 .group         0x0000000000000000        0xc thash_sha256_simple.c.o
 .group         0x0000000000000000        0xc thash_sha256_simple.c.o
 .group         0x0000000000000000        0xc thash_sha256_simple.c.o
 .group         0x0000000000000000        0xc thash_sha256_simple.c.o
 .group         0x0000000000000000        0xc thash_sha256_simple.c.o
 .group         0x0000000000000000        0xc thash_sha256_simple.c.o
 .group         0x0000000000000000        0xc thash_sha256_simple.c.o
 .group         0x0000000000000000        0xc thash_sha256_simple.c.o
 .group         0x0000000000000000        0xc thash_sha256_simple.c.o
 .group         0x0000000000000000        0xc thash_sha256_simple.c.o
 .group         0x0000000000000000        0xc thash_sha256_simple.c.o
 .group         0x0000000000000000        0xc thash_sha256_simple.c.o
 .group         0x0000000000000000        0xc thash_sha256_simple.c.o
 .text          0x0000000000000000        0x0 thash_sha256_simple.c.o
 .data          0x0000000000000000        0x0 thash_sha256_simple.c.o
 .bss           0x0000000000000000        0x0 thash_sha256_simple.c.o
 .debug_macro   0x0000000000000000      0x83e thash_sha256_simple.c.o
 .debug_macro   0x0000000000000000       0x1c thash_sha256_simple.c.o
 .debug_macro   0x0000000000000000       0x10 thash_sha256_simple.c.o
 .debug_macro   0x0000000000000000      0x1bb thash_sha256_simple.c.o
 .debug_macro   0x0000000000000000      0x17f thash_sha256_simple.c.o
 .debug_macro   0x0000000000000000       0x16 thash_sha256_simple.c.o
 .debug_macro   0x0000000000000000       0x4a thash_sha256_simple.c.o
 .debug_macro   0x0000000000000000       0x40 thash_sha256_simple.c.o
 .debug_macro   0x0000000000000000       0x4c thash_sha256_simple.c.o
 .debug_macro   0x0000000000000000       0x67 thash_sha256_simple.c.o
 .debug_macro   0x0000000000000000       0xf4 thash_sha256_simple.c.o
 .debug_macro   0x0000000000000000       0x10 thash_sha256_simple.c.o
 .debug_macro   0x0000000000000000       0x16 thash_sha256_simple.c.o
 .debug_macro   0x0000000000000000      0x1b8 thash_sha256_simple.c.o
 .debug_macro   0x0000000000000000       0x10 thash_sha256_simple.c.o
 .debug_macro   0x0000000000000000       0x52 thash_sha256_simple.c.o
 .debug_macro   0x0000000000000000       0x10 thash_sha256_simple.c.o
 .debug_macro   0x0000000000000000       0x97 thash_sha256_simple.c.o
 .debug_macro   0x0000000000000000       0x10 thash_sha256_simple.c.o
 .debug_macro   0x0000000000000000       0x12 thash_sha256_simple.c.o
 .debug_macro   0x0000000000000000       0xfd thash_sha256_simple.c.o
 .debug_macro   0x0000000000000000       0x1c thash_sha256_simple.c.o
 .debug_macro   0x0000000000000000       0x10 thash_sha256_simple.c.o
 .debug_macro   0x0000000000000000       0x22 thash_sha256_simple.c.o
 .debug_macro   0x0000000000000000       0x28 thash_sha256_simple.c.o
 .note.GNU-stack
                0x0000000000000000        0x0 thash_sha256_simple.c.o
 .note.gnu.property
                0x0000000000000000       0x20 thash_sha256_simple.c.o
 .group         0x0000000000000000        0xc hash_shake256.c.o
 .group         0x0000000000000000        0xc hash_shake256.c.o
 .group         0x0000000000000000        0xc hash_shake256.c.o
 .group         0x0000000000000000        0xc hash_shake256.c.o
 .group         0x0000000000000000        0xc hash_shake256.c.o
 .group         0x0000000000000000        0xc hash_shake256.c.o
 .group         0x0000000000000000        0xc hash_shake256.c.o
 .group         0x0000000000000000        0xc hash_shake256.c.o
 .group         0x0000000000000000        0xc hash_shake256.c.o
 .group         0x0000000000000000        0xc hash_shake256.c.o
 .group         0x0000000000000000        0xc hash_shake256.c.o
 .group         0x0000000000000000        0xc hash_shake256.c.o
 .group         0x0000000000000000        0xc hash_shake256.c.o
 .group         0x0000000000000000        0xc hash_shake256.c.o
 .group         0x0000000000000000        0xc hash_shake256.c.o
 .group         0x0000000000000000        0xc hash_shake256.c.o
 .group         0x0000000000000000        0xc hash_shake256.c.o
 .group         0x0000000000000000        0xc hash_shake256.c.o
 .group         0x0000000000000000        0xc hash_shake256.c.o
 .group         0x0000000000000000        0xc hash_shake256.c.o
 .group         0x0000000000000000        0xc hash_shake256.c.o
 .group         0x0000000000000000        0xc hash_shake256.c.o
 .group         0x0000000000000000        0xc hash_shake256.c.o
 .group         0x0000000000000000        0xc hash_shake256.c.o
 .group         0x0000000000000000        0xc hash_shake256.c.o
 .group         0x0000000000000000        0xc hash_shake256.c.o
 .group         0x0000000000000000        0xc hash_shake256.c.o
 .group         0x0000000000000000        0xc hash_shake256.c.o
 .group         0x0000000000000000        0xc hash_shake256.c.o
 .group         0x0000000000000000        0xc hash_shake256.c.o
 .group         0x0000000000000000        0xc hash_shake256.c.o
 .group         0x0000000000000000        0xc hash_shake256.c.o
 .text          0x0000000000000000        0x0 hash_shake256.c.o
 .data          0x0000000000000000        0x0 hash_shake256.c.o
 .bss           0x0000000000000000        0x0 hash_shake256.c.o
 .debug_macro   0x0000000000000000      0x83e hash_shake256.c.o
 .debug_macro   0x0000000000000000       0x1c hash_shake256.c.o
 .debug_macro   0x0000000000000000       0x10 hash_shake256.c.o
 .debug_macro   0x0000000000000000      0x1bb hash_shake256.c.o
 .debug_macro   0x0000000000000000      0x17f hash_shake256.c.o
 .debug_macro   0x0000000000000000       0x16 hash_shake256.c.o
 .debug_macro   0x0000000000000000       0x4a hash_shake256.c.o
 .debug_macro   0x0000000000000000       0x40 hash_shake256.c.o
 .debug_macro   0x0000000000000000       0x4c hash_shake256.c.o
 .debug_macro   0x0000000000000000       0x67 hash_shake256.c.o
 .debug_macro   0x0000000000000000       0xf4 hash_shake256.c.o
 .debug_macro   0x0000000000000000       0x10 hash_shake256.c.o
 .debug_macro   0x0000000000000000       0x16 hash_shake256.c.o
 .debug_macro   0x0000000000000000      0x1b8 hash_shake256.c.o
 .debug_macro   0x0000000000000000       0x10 hash_shake256.c.o
 .debug_macro   0x0000000000000000       0x52 hash_shake256.c.o
 .debug_macro   0x0000000000000000       0x10 hash_shake256.c.o
 .debug_macro   0x0000000000000000       0x97 hash_shake256.c.o
 .debug_macro   0x0000000000000000       0x10 hash_shake256.c.o
 .debug_macro   0x0000000000000000       0x12 hash_shake256.c.o
 .debug_macro   0x0000000000000000       0x28 hash_shake256.c.o
 .debug_macro   0x0000000000000000       0x10 hash_shake256.c.o
 .debug_macro   0x0000000000000000       0xfd hash_shake256.c.o
 .debug_macro   0x0000000000000000       0x10 hash_shake256.c.o
 .debug_macro   0x0000000000000000       0x10 hash_shake256.c.o
 .debug_macro   0x0000000000000000       0x35 hash_shake256.c.o
 .debug_macro   0x0000000000000000       0x10 hash_shake256.c.o
 .debug_macro   0x0000000000000000       0x34 hash_shake256.c.o
 .debug_macro   0x0000000000000000       0x4c hash_shake256.c.o
 .debug_macro   0x0000000000000000       0x2e hash_shake256.c.o
 .debug_macro   0x0000000000000000       0x19 hash_shake256.c.o
 .debug_macro   0x0000000000000000       0x1c hash_shake256.c.o
 .note.GNU-stack
                0x0000000000000000        0x0 hash_shake256.c.o
 .note.gnu.property
                0x0000000000000000       0x20 hash_shake256.c.o
 .group         0x0000000000000000        0xc thash_shake256_robust.c.o
 .group         0x0000000000000000        0xc thash_shake256_robust.c.o
 .group         0x0000000000000000        0xc thash_shake256_robust.c.o
 .group         0x0000000000000000        0xc thash_shake256_robust.c.o
 .group         0x0000000000000000        0xc thash_shake256_robust.c.o
 .group         0x0000000000000000        0xc thash_shake256_robust.c.o
 .group         0x0000000000000000        0xc thash_shake256_robust.c.o
 .group         0x0000000000000000        0xc thash_shake256_robust.c.o
 .group         0x0000000000000000        0xc thash_shake256_robust.c.o
 .group         0x0000000000000000        0xc thash_shake256_robust.c.o
 .group         0x0000000000000000        0xc thash_shake256_robust.c.o
 .group         0x0000000000000000        0xc thash_shake256_robust.c.o
 .group         0x0000000000000000        0xc thash_shake256_robust.c.o
 .group         0x0000000000000000        0xc thash_shake256_robust.c.o
 .group         0x0000000000000000        0xc thash_shake256_robust.c.o
 .group         0x0000000000000000        0xc thash_shake256_robust.c.o
 .group         0x0000000000000000        0xc thash_shake256_robust.c.o
 .group         0x0000000000000000        0xc thash_shake256_robust.c.o
 .group         0x0000000000000000        0xc thash_shake256_robust.c.o
 .group         0x0000000000000000        0xc thash_shake256_robust.c.o
 .group         0x0000000000000000        0xc thash_shake256_robust.c.o
 .group         0x0000000000000000        0xc thash_shake256_robust.c.o
 .group         0x0000000000000000        0xc thash_shake256_robust.c.o
 .group         0x0000000000000000        0xc thash_shake256_robust.c.o
 .group         0x0000000000000000        0xc thash_shake256_robust.c.o
 .text          0x0000000000000000        0x0 thash_shake256_robust.c.o
 .data          0x0000000000000000        0x0 thash_shake256_robust.c.o
 .bss           0x0000000000000000        0x0 thash_shake256_robust.c.o
 .debug_macro   0x0000000000000000      0x83e thash_shake256_robust.c.o
 .debug_macro   0x0000000000000000       0x1c thash_shake256_robust.c.o
 .debug_macro   0x0000000000000000       0x10 thash_shake256_robust.c.o
 .debug_macro   0x0000000000000000      0x1bb thash_shake256_robust.c.o
 .debug_macro   0x0000000000000000      0x17f thash_shake256_robust.c.o
 .debug_macro   0x0000000000000000       0x16 thash_shake256_robust.c.o
 .debug_macro   0x0000000000000000       0x4a thash_shake256_robust.c.o
 .debug_macro   0x0000000000000000       0x40 thash_shake256_robust.c.o
 .debug_macro   0x0000000000000000       0x4c thash_shake256_robust.c.o
 .debug_macro   0x0000000000000000       0x67 thash_shake256_robust.c.o
 .debug_macro   0x0000000000000000       0xf4 thash_shake256_robust.c.o
 .debug_macro   0x0000000000000000       0x10 thash_shake256_robust.c.o
 .debug_macro   0x0000000000000000       0x16 thash_shake256_robust.c.o
 .debug_macro   0x0000000000000000      0x1b8 thash_shake256_robust.c.o
 .debug_macro   0x0000000000000000       0x10 thash_shake256_robust.c.o
 .debug_macro   0x0000000000000000       0x52 thash_shake256_robust.c.o
 .debug_macro   0x0000000000000000       0x10 thash_shake256_robust.c.o
 .debug_macro   0x0000000000000000       0x97 thash_shake256_robust.c.o
 .debug_macro   0x0000000000000000       0x10 thash_shake256_robust.c.o
 .debug_macro   0x0000000000000000       0x12 thash_shake256_robust.c.o
 .debug_macro   0x0000000000000000       0xfd thash_shake256_robust.c.o
 .debug_macro   0x0000000000000000       0x1c thash_shake256_robust.c.o
 .debug_macro   0x0000000000000000       0x10 thash_shake256_robust.c.o
 .debug_macro   0x0000000000000000       0x22 thash_shake256_robust.c.o
 .debug_macro   0x0000000000000000       0x28 thash_shake256_robust.c.o
 .note.GNU-stack
                0x0000000000000000        0x0 thash_shake256_robust.c.o
 .note.gnu.property
                0x0000000000000000       0x20 thash_shake256_robust.c.o
 .group         0x0000000000000000        0xc thash_shake256_simple.c.o
 .group         0x0000000000000000        0xc thash_shake256_simple.c.o
 .group         0x0000000000000000        0xc thash_shake256_simple.c.o
 .group         0x0000000000000000        0xc thash_shake256_simple.c.o
 .group         0x0000000000000000        0xc thash_shake256_simple.c.o
 .group         0x0000000000000000        0xc thash_shake256_simple.c.o
 .group         0x0000000000000000        0xc thash_shake256_simple.c.o
 .group         0x0000000000000000        0xc thash_shake256_simple.c.o
 .group         0x0000000000000000        0xc thash_shake256_simple.c.o
 .group         0x0000000000000000        0xc thash_shake256_simple.c.o
 .group         0x0000000000000000        0xc thash_shake256_simple.c.o
 .group         0x0000000000000000        0xc thash_shake256_simple.c.o
 .group         0x0000000000000000        0xc thash_shake256_simple.c.o
 .group         0x0000000000000000        0xc thash_shake256_simple.c.o
 .group         0x0000000000000000        0xc thash_shake256_simple.c.o
 .group         0x0000000000000000        0xc thash_shake256_simple.c.o
 .group         0x0000000000000000        0xc thash_shake256_simple.c.o
 .group         0x0000000000000000        0xc thash_shake256_simple.c.o
 .group         0x0000000000000000        0xc thash_shake256_simple.c.o
 .group         0x0000000000000000        0xc thash_shake256_simple.c.o
 .group         0x0000000000000000        0xc thash_shake256_simple.c.o
 .group         0x0000000000000000        0xc thash_shake256_simple.c.o
 .group         0x0000000000000000        0xc thash_shake256_simple.c.o
 .group         0x0000000000000000        0xc thash_shake256_simple.c.o
 .group         0x0000000000000000        0xc thash_shake256_simple.c.o
 .text          0x0000000000000000        0x0 thash_shake256_simple.c.o
 .data          0x0000000000000000        0x0 thash_shake256_simple.c.o
 .bss           0x0000000000000000        0x0 thash_shake256_simple.c.o
 .debug_macro   0x0000000000000000      0x83e thash_shake256_simple.c.o
 .debug_macro   0x0000000000000000       0x1c thash_shake256_simple.c.o
 .debug_macro   0x0000000000000000       0x10 thash_shake256_simple.c.o
 .debug_macro   0x0000000000000000      0x1bb thash_shake256_simple.c.o
 .debug_macro   0x0000000000000000      0x17f thash_shake256_simple.c.o
 .debug_macro   0x0000000000000000       0x16 thash_shake256_simple.c.o
 .debug_macro   0x0000000000000000       0x4a thash_shake256_simple.c.o
 .debug_macro   0x0000000000000000       0x40 thash_shake256_simple.c.o
 .debug_macro   0x0000000000000000       0x4c thash_shake256_simple.c.o
 .debug_macro   0x0000000000000000       0x67 thash_shake256_simple.c.o
 .debug_macro   0x0000000000000000       0xf4 thash_shake256_simple.c.o
 .debug_macro   0x0000000000000000       0x10 thash_shake256_simple.c.o
 .debug_macro   0x0000000000000000       0x16 thash_shake256_simple.c.o
 .debug_macro   0x0000000000000000      0x1b8 thash_shake256_simple.c.o
 .debug_macro   0x0000000000000000       0x10 thash_shake256_simple.c.o
 .debug_macro   0x0000000000000000       0x52 thash_shake256_simple.c.o
 .debug_macro   0x0000000000000000       0x10 thash_shake256_simple.c.o
 .debug_macro   0x0000000000000000       0x97 thash_shake256_simple.c.o
 .debug_macro   0x0000000000000000       0x10 thash_shake256_simple.c.o
 .debug_macro   0x0000000000000000       0x12 thash_shake256_simple.c.o
 .debug_macro   0x0000000000000000       0xfd thash_shake256_simple.c.o
 .debug_macro   0x0000000000000000       0x1c thash_shake256_simple.c.o
 .debug_macro   0x0000000000000000       0x10 thash_shake256_simple.c.o
 .debug_macro   0x0000000000000000       0x22 thash_shake256_simple.c.o
 .debug_macro   0x0000000000000000       0x28 thash_shake256_simple.c.o
 .note.GNU-stack
                0x0000000000000000        0x0 thash_shake256_simple.c.o
 .note.gnu.property
                0x0000000000000000       0x20 thash_shake256_simple.c.o
 .group         0x0000000000000000        0xc wotsx1.c.o
 .group         0x0000000000000000        0xc wotsx1.c.o
 .group         0x0000000000000000        0xc wotsx1.c.o
 .group         0x0000000000000000        0xc wotsx1.c.o
 .group         0x0000000000000000        0xc wotsx1.c.o
 .group         0x0000000000000000        0xc wotsx1.c.o
 .group         0x0000000000000000        0xc wotsx1.c.o
 .group         0x0000000000000000        0xc wotsx1.c.o
 .group         0x0000000000000000        0xc wotsx1.c.o
 .group         0x0000000000000000        0xc wotsx1.c.o
 .group         0x0000000000000000        0xc wotsx1.c.o
 .group         0x0000000000000000        0xc wotsx1.c.o
 .group         0x0000000000000000        0xc wotsx1.c.o
 .group         0x0000000000000000        0xc wotsx1.c.o
 .group         0x0000000000000000        0xc wotsx1.c.o
 .group         0x0000000000000000        0xc wotsx1.c.o
 .group         0x0000000000000000        0xc wotsx1.c.o
 .group         0x0000000000000000        0xc wotsx1.c.o
 .group         0x0000000000000000        0xc wotsx1.c.o
 .group         0x0000000000000000        0xc wotsx1.c.o
 .group         0x0000000000000000        0xc wotsx1.c.o
 .group         0x0000000000000000        0xc wotsx1.c.o
 .group         0x0000000000000000        0xc wotsx1.c.o
 .group         0x0000000000000000        0xc wotsx1.c.o
 .group         0x0000000000000000        0xc wotsx1.c.o
 .group         0x0000000000000000        0xc wotsx1.c.o
 .group         0x0000000000000000        0xc wotsx1.c.o
 .group         0x0000000000000000        0xc wotsx1.c.o
 .group         0x0000000000000000        0xc wotsx1.c.o
 .group         0x0000000000000000        0xc wotsx1.c.o
 .group         0x0000000000000000        0xc wotsx1.c.o
 .group         0x0000000000000000        0xc wotsx1.c.o
 .group         0x0000000000000000        0xc wotsx1.c.o
 .group         0x0000000000000000        0xc wotsx1.c.o
 .text          0x0000000000000000        0x0 wotsx1.c.o
 .data          0x0000000000000000        0x0 wotsx1.c.o
 .bss           0x0000000000000000        0x0 wotsx1.c.o
 .debug_macro   0x0000000000000000      0x83e wotsx1.c.o
 .debug_macro   0x0000000000000000       0x1c wotsx1.c.o
 .debug_macro   0x0000000000000000       0x10 wotsx1.c.o
 .debug_macro   0x0000000000000000      0x1bb wotsx1.c.o
 .debug_macro   0x0000000000000000      0x17f wotsx1.c.o
 .debug_macro   0x0000000000000000       0x16 wotsx1.c.o
 .debug_macro   0x0000000000000000       0x4a wotsx1.c.o
 .debug_macro   0x0000000000000000       0x40 wotsx1.c.o
 .debug_macro   0x0000000000000000       0x4c wotsx1.c.o
 .debug_macro   0x0000000000000000       0x67 wotsx1.c.o
 .debug_macro   0x0000000000000000       0xf4 wotsx1.c.o
 .debug_macro   0x0000000000000000       0x10 wotsx1.c.o
 .debug_macro   0x0000000000000000       0x16 wotsx1.c.o
 .debug_macro   0x0000000000000000      0x1b8 wotsx1.c.o
 .debug_macro   0x0000000000000000       0x10 wotsx1.c.o
 .debug_macro   0x0000000000000000       0x52 wotsx1.c.o
 .debug_macro   0x0000000000000000       0x10 wotsx1.c.o
 .debug_macro   0x0000000000000000       0x97 wotsx1.c.o
 .debug_macro   0x0000000000000000       0x10 wotsx1.c.o
 .debug_macro   0x0000000000000000       0x12 wotsx1.c.o
 .debug_macro   0x0000000000000000       0xfd wotsx1.c.o
 .debug_macro   0x0000000000000000       0x1c wotsx1.c.o
 .debug_macro   0x0000000000000000       0x10 wotsx1.c.o
 .debug_macro   0x0000000000000000       0x10 wotsx1.c.o
 .debug_macro   0x0000000000000000       0x10 wotsx1.c.o
 .debug_macro   0x0000000000000000       0x35 wotsx1.c.o
 .debug_macro   0x0000000000000000       0x10 wotsx1.c.o
 .debug_macro   0x0000000000000000       0x34 wotsx1.c.o
 .debug_macro   0x0000000000000000       0x4c wotsx1.c.o
 .debug_macro   0x0000000000000000       0x2e wotsx1.c.o
 .debug_macro   0x0000000000000000       0x19 wotsx1.c.o
 .debug_macro   0x0000000000000000       0x28 wotsx1.c.o
 .debug_macro   0x0000000000000000       0x28 wotsx1.c.o
 .note.GNU-stack
                0x0000000000000000        0x0 wotsx1.c.o
 .note.gnu.property
                0x0000000000000000       0x20 wotsx1.c.o
 .group         0x0000000000000000        0xc merkle.c.o
 .group         0x0000000000000000        0xc merkle.c.o
 .group         0x0000000000000000        0xc merkle.c.o
 .group         0x0000000000000000        0xc merkle.c.o
 .group         0x0000000000000000        0xc merkle.c.o
 .group         0x0000000000000000        0xc merkle.c.o
 .group         0x0000000000000000        0xc merkle.c.o
 .group         0x0000000000000000        0xc merkle.c.o
 .group         0x0000000000000000        0xc merkle.c.o
 .group         0x0000000000000000        0xc merkle.c.o
 .group         0x0000000000000000        0xc merkle.c.o
 .group         0x0000000000000000        0xc merkle.c.o
 .group         0x0000000000000000        0xc merkle.c.o
 .group         0x0000000000000000        0xc merkle.c.o
 .group         0x0000000000000000        0xc merkle.c.o
 .group         0x0000000000000000        0xc merkle.c.o
 .group         0x0000000000000000        0xc merkle.c.o
 .group         0x0000000000000000        0xc merkle.c.o
 .group         0x0000000000000000        0xc merkle.c.o
 .group         0x0000000000000000        0xc merkle.c.o
 .group         0x0000000000000000        0xc merkle.c.o
 .group         0x0000000000000000        0xc merkle.c.o
 .group         0x0000000000000000        0xc merkle.c.o
 .group         0x0000000000000000        0xc merkle.c.o
 .group         0x0000000000000000        0xc merkle.c.o
 .group         0x0000000000000000        0xc merkle.c.o
 .group         0x0000000000000000        0xc merkle.c.o
 .group         0x0000000000000000        0xc merkle.c.o
 .group         0x0000000000000000        0xc merkle.c.o
 .group         0x0000000000000000        0xc merkle.c.o
 .group         0x0000000000000000        0xc merkle.c.o
 .group         0x0000000000000000        0xc merkle.c.o
 .group         0x0000000000000000        0xc merkle.c.o
 .text          0x0000000000000000        0x0 merkle.c.o
 .data          0x0000000000000000        0x0 merkle.c.o
 .bss           0x0000000000000000        0x0 merkle.c.o
 .debug_macro   0x0000000000000000      0x826 merkle.c.o
 .debug_macro   0x0000000000000000       0x1c merkle.c.o
 .debug_macro   0x0000000000000000       0x10 merkle.c.o
 .debug_macro   0x0000000000000000      0x1bb merkle.c.o
 .debug_macro   0x0000000000000000      0x17f merkle.c.o
 .debug_macro   0x0000000000000000       0x16 merkle.c.o
 .debug_macro   0x0000000000000000       0x4a merkle.c.o
 .debug_macro   0x0000000000000000       0x40 merkle.c.o
 .debug_macro   0x0000000000000000       0x4c merkle.c.o
 .debug_macro   0x0000000000000000       0x67 merkle.c.o
 .debug_macro   0x0000000000000000       0xf4 merkle.c.o
 .debug_macro   0x0000000000000000       0x10 merkle.c.o
 .debug_macro   0x0000000000000000       0x16 merkle.c.o
 .debug_macro   0x0000000000000000      0x1b8 merkle.c.o
 .debug_macro   0x0000000000000000       0x10 merkle.c.o
 .debug_macro   0x0000000000000000       0x52 merkle.c.o
 .debug_macro   0x0000000000000000       0x10 merkle.c.o
 .debug_macro   0x0000000000000000       0x97 merkle.c.o
 .debug_macro   0x0000000000000000       0x10 merkle.c.o
 .debug_macro   0x0000000000000000       0x12 merkle.c.o
 .debug_macro   0x0000000000000000       0xfd merkle.c.o
 .debug_macro   0x0000000000000000       0x1c merkle.c.o
 .debug_macro   0x0000000000000000       0x10 merkle.c.o
 .debug_macro   0x0000000000000000       0x10 merkle.c.o
 .debug_macro   0x0000000000000000       0x10 merkle.c.o
 .debug_macro   0x0000000000000000       0x35 merkle.c.o
 .debug_macro   0x0000000000000000       0x10 merkle.c.o
 .debug_macro   0x0000000000000000       0x34 merkle.c.o
 .debug_macro   0x0000000000000000       0x4c merkle.c.o
 .debug_macro   0x0000000000000000       0x2e merkle.c.o
 .debug_macro   0x0000000000000000       0x19 merkle.c.o
 .debug_macro   0x0000000000000000       0x10 merkle.c.o
 .debug_macro   0x0000000000000000       0x28 merkle.c.o
 .note.GNU-stack
                0x0000000000000000        0x0 merkle.c.o
 .note.gnu.property
                0x0000000000000000       0x20 merkle.c.o
 .group         0x0000000000000000        0xc utilsx1.c.o
 .group         0x0000000000000000        0xc utilsx1.c.o
 .group         0x0000000000000000        0xc utilsx1.c.o
 .group         0x0000000000000000        0xc utilsx1.c.o
 .group         0x0000000000000000        0xc utilsx1.c.o
 .group         0x0000000000000000        0xc utilsx1.c.o
 .group         0x0000000000000000        0xc utilsx1.c.o
 .group         0x0000000000000000        0xc utilsx1.c.o
 .group         0x0000000000000000        0xc utilsx1.c.o
 .group         0x0000000000000000        0xc utilsx1.c.o
 .group         0x0000000000000000        0xc utilsx1.c.o
 .group         0x0000000000000000        0xc utilsx1.c.o
 .group         0x0000000000000000        0xc utilsx1.c.o
 .group         0x0000000000000000        0xc utilsx1.c.o
 .group         0x0000000000000000        0xc utilsx1.c.o
 .group         0x0000000000000000        0xc utilsx1.c.o
 .group         0x0000000000000000        0xc utilsx1.c.o
 .group         0x0000000000000000        0xc utilsx1.c.o
 .group         0x0000000000000000        0xc utilsx1.c.o
 .group         0x0000000000000000        0xc utilsx1.c.o
 .group         0x0000000000000000        0xc utilsx1.c.o
 .group         0x0000000000000000        0xc utilsx1.c.o
 .group         0x0000000000000000        0xc utilsx1.c.o
 .group         0x0000000000000000        0xc utilsx1.c.o
 .group         0x0000000000000000        0xc utilsx1.c.o
 .group         0x0000000000000000        0xc utilsx1.c.o
 .group         0x0000000000000000        0xc utilsx1.c.o
 .group         0x0000000000000000        0xc utilsx1.c.o
 .group         0x0000000000000000        0xc utilsx1.c.o
 .group         0x0000000000000000        0xc utilsx1.c.o
 .group         0x0000000000000000        0xc utilsx1.c.o
 .group         0x0000000000000000        0xc utilsx1.c.o
 .text          0x0000000000000000        0x0 utilsx1.c.o
 .data          0x0000000000000000        0x0 utilsx1.c.o
 .bss           0x0000000000000000        0x0 utilsx1.c.o
 .debug_macro   0x0000000000000000      0x826 utilsx1.c.o
 .debug_macro   0x0000000000000000       0x1c utilsx1.c.o
 .debug_macro   0x0000000000000000       0x10 utilsx1.c.o
 .debug_macro   0x0000000000000000      0x1bb utilsx1.c.o
 .debug_macro   0x0000000000000000      0x17f utilsx1.c.o
 .debug_macro   0x0000000000000000       0x16 utilsx1.c.o
 .debug_macro   0x0000000000000000       0x4a utilsx1.c.o
 .debug_macro   0x0000000000000000       0x40 utilsx1.c.o
 .debug_macro   0x0000000000000000       0x4c utilsx1.c.o
 .debug_macro   0x0000000000000000       0x10 utilsx1.c.o
 .debug_macro   0x0000000000000000       0x97 utilsx1.c.o
 .debug_macro   0x0000000000000000       0x10 utilsx1.c.o
 .debug_macro   0x0000000000000000       0x12 utilsx1.c.o
 .debug_macro   0x0000000000000000       0x10 utilsx1.c.o
 .debug_macro   0x0000000000000000       0x52 utilsx1.c.o
 .debug_macro   0x0000000000000000       0x67 utilsx1.c.o
 .debug_macro   0x0000000000000000       0xf4 utilsx1.c.o
 .debug_macro   0x0000000000000000       0x10 utilsx1.c.o
 .debug_macro   0x0000000000000000       0x16 utilsx1.c.o
 .debug_macro   0x0000000000000000      0x1b8 utilsx1.c.o
 .debug_macro   0x0000000000000000       0x10 utilsx1.c.o
 .debug_macro   0x0000000000000000       0xfd utilsx1.c.o
 .debug_macro   0x0000000000000000       0x10 utilsx1.c.o
 .debug_macro   0x0000000000000000       0x10 utilsx1.c.o
 .debug_macro   0x0000000000000000       0x35 utilsx1.c.o
 .debug_macro   0x0000000000000000       0x10 utilsx1.c.o
 .debug_macro   0x0000000000000000       0x34 utilsx1.c.o
 .debug_macro   0x0000000000000000       0x4c utilsx1.c.o
 .debug_macro   0x0000000000000000       0x2e utilsx1.c.o
 .debug_macro   0x0000000000000000       0x19 utilsx1.c.o
 .debug_macro   0x0000000000000000       0x1c utilsx1.c.o
 .debug_macro   0x0000000000000000       0x28 utilsx1.c.o
 .note.GNU-stack
                0x0000000000000000        0x0 utilsx1.c.o
 .note.gnu.property
                0x0000000000000000       0x20 utilsx1.c.o
 .group         0x0000000000000000        0xc fips202.c.o
 .group         0x0000000000000000        0xc fips202.c.o
 .group         0x0000000000000000        0xc fips202.c.o
 .group         0x0000000000000000        0xc fips202.c.o
 .group         0x0000000000000000        0xc fips202.c.o
 .group         0x0000000000000000        0xc fips202.c.o
 .group         0x0000000000000000        0xc fips202.c.o
 .group         0x0000000000000000        0xc fips202.c.o
 .group         0x0000000000000000        0xc fips202.c.o
 .group         0x0000000000000000        0xc fips202.c.o
 .group         0x0000000000000000        0xc fips202.c.o
 .group         0x0000000000000000        0xc fips202.c.o
 .group         0x0000000000000000        0xc fips202.c.o
 .group         0x0000000000000000        0xc fips202.c.o
 .group         0x0000000000000000        0xc fips202.c.o
 .group         0x0000000000000000        0xc fips202.c.o
 .text          0x0000000000000000        0x0 fips202.c.o
 .data          0x0000000000000000        0x0 fips202.c.o
[...]
                0x000000000003979a                __odr_asan.SPX_FORS_HEIGHT
 .bss.__odr_asan.SPX_D
                0x000000000003979b        0x1 params.c.o
                0x000000000003979b                __odr_asan.SPX_D
 .bss.__odr_asan.SPX_FULL_HEIGHT
                0x000000000003979c        0x1 params.c.o
                0x000000000003979c                __odr_asan.SPX_FULL_HEIGHT
 .bss.__odr_asan.SPX_N
                0x000000000003979d        0x1 params.c.o
                0x000000000003979d                __odr_asan.SPX_N
 *fill*         0x000000000003979e        0x2 
 .bss.state_seeded
                0x00000000000397a0       0x60 sha256.c.o
                0x00000000000397a0                state_seeded
 .bss.__odr_asan.state_seeded
                0x0000000000039800        0x1 sha256.c.o
                0x0000000000039800                __odr_asan.state_seeded
 .bss.__odr_asan.m
                0x0000000000039801        0x1 unix.c.o
                0x0000000000039801                __odr_asan.m
 .bss.__odr_asan.STREAM_SIG_OUT_FILE
                0x0000000000039802        0x1 unix.c.o
                0x0000000000039802                __odr_asan.STREAM_SIG_OUT_FILE
 *(COMMON)
                0x0000000000039808                . = ALIGN ((. != 0x0)?0x8:0x1)
 *fill*         0x0000000000039803        0x5 

.lbss
 *(.dynlbss)
 *(.lbss .lbss.* .gnu.linkonce.lb.*)
 *(LARGE_COMMON)
                0x0000000000039808                . = ALIGN (0x8)
                0x0000000000039808                . = SEGMENT_START ("ldata-segment", .)

.lrodata
 *(.lrodata .lrodata.* .gnu.linkonce.lr.*)

.ldata          0x000000000003b808        0x0
 *(.ldata .ldata.* .gnu.linkonce.l.*)
                0x000000000003b808                . = ALIGN ((. != 0x0)?0x8:0x1)
                0x000000000003b808                . = ALIGN (0x8)
                0x0000000000039808                _end = .
                [!provide]                        PROVIDE (end = .)
                0x000000000003b808                . = DATA_SEGMENT_END (.)

.stab
 *(.stab)

.stabstr
 *(.stabstr)

.stab.excl
 *(.stab.excl)

.stab.exclstr
 *(.stab.exclstr)

.stab.index
 *(.stab.index)

.stab.indexstr
 *(.stab.indexstr)

.comment        0x0000000000000000       0x2a
 *(.comment)
 .comment       0x0000000000000000       0x2a /usr/lib/gcc/x86_64-linux-gnu/9/crtbeginS.o
                                         0x2b (size before relaxing)
 .comment       0x000000000000002a       0x2b /usr/lib/gcc/x86_64-linux-gnu/9/libasan_preinit.o
 .comment       0x000000000000002a       0x2b _ELFNAME_spx_streaming.elf.o
 .comment       0x000000000000002a       0x2b params.c.o
 .comment       0x000000000000002a       0x2b address.c.o
 .comment       0x000000000000002a       0x2b rng.c.o
 .comment       0x000000000000002a       0x2b wots.c.o
 .comment       0x000000000000002a       0x2b utils.c.o
 .comment       0x000000000000002a       0x2b fors.c.o
 .comment       0x000000000000002a       0x2b sign.c.o
 .comment       0x000000000000002a       0x2b hash.c.o
 .comment       0x000000000000002a       0x2b hash_sha256.c.o
 .comment       0x000000000000002a       0x2b thash.c.o
 .comment       0x000000000000002a       0x2b thash_sha256_robust.c.o
 .comment       0x000000000000002a       0x2b thash_sha256_simple.c.o
 .comment       0x000000000000002a       0x2b hash_shake256.c.o
 .comment       0x000000000000002a       0x2b thash_shake256_robust.c.o
 .comment       0x000000000000002a       0x2b thash_shake256_simple.c.o
 .comment       0x000000000000002a       0x2b wotsx1.c.o
 .comment       0x000000000000002a       0x2b merkle.c.o
 .comment       0x000000000000002a       0x2b utilsx1.c.o
 .comment       0x000000000000002a       0x2b fips202.c.o
 .comment       0x000000000000002a       0x2b sha256.c.o
 .comment       0x000000000000002a       0x2b unix.c.o
 .comment       0x000000000000002a       0x2b /usr/lib/gcc/x86_64-linux-gnu/9/crtendS.o

.gnu.build.attributes
 *(.gnu.build.attributes .gnu.build.attributes.*)

.debug
 *(.debug)

.line
 *(.line)

.debug_srcinfo
 *(.debug_srcinfo)

.debug_sfnames
 *(.debug_sfnames)

.debug_aranges  0x0000000000000000      0xd00
 *(.debug_aranges)
 .debug_aranges
                0x0000000000000000       0x20 /usr/lib/gcc/x86_64-linux-gnu/9/libasan_preinit.o
 .debug_aranges
                0x0000000000000020       0x60 params.c.o
 .debug_aranges
                0x0000000000000080       0xc0 address.c.o
 .debug_aranges
                0x0000000000000140       0x50 rng.c.o
 .debug_aranges
                0x0000000000000190       0x80 wots.c.o
 .debug_aranges
                0x0000000000000210       0xd0 utils.c.o
 .debug_aranges
                0x00000000000002e0       0xa0 fors.c.o
 .debug_aranges
                0x0000000000000380      0x100 sign.c.o
 .debug_aranges
                0x0000000000000480       0x70 hash.c.o
 .debug_aranges
                0x00000000000004f0       0xa0 hash_sha256.c.o
 .debug_aranges
                0x0000000000000590       0x60 thash.c.o
 .debug_aranges
                0x00000000000005f0       0x60 thash_sha256_robust.c.o
 .debug_aranges
                0x0000000000000650       0x60 thash_sha256_simple.c.o
 .debug_aranges
                0x00000000000006b0       0x60 hash_shake256.c.o
 .debug_aranges
                0x0000000000000710       0x60 thash_shake256_robust.c.o
 .debug_aranges
                0x0000000000000770       0x60 thash_shake256_simple.c.o
 .debug_aranges
                0x00000000000007d0       0x40 wotsx1.c.o
 .debug_aranges
                0x0000000000000810       0x60 merkle.c.o
 .debug_aranges
                0x0000000000000870       0x40 utilsx1.c.o
 .debug_aranges
                0x00000000000008b0      0x210 fips202.c.o
 .debug_aranges
                0x0000000000000ac0      0x180 sha256.c.o
 .debug_aranges
                0x0000000000000c40       0xc0 unix.c.o

.debug_pubnames
 *(.debug_pubnames)

.debug_info     0x0000000000000000     0xd41b
 *(.debug_info .gnu.linkonce.wi.*)
 .debug_info    0x0000000000000000      0xd78 /usr/lib/gcc/x86_64-linux-gnu/9/libasan_preinit.o
 .debug_info    0x0000000000000d78      0xae2 params.c.o
 .debug_info    0x000000000000185a      0x78c address.c.o
 .debug_info    0x0000000000001fe6      0x14f rng.c.o
 .debug_info    0x0000000000002135      0x977 wots.c.o
 .debug_info    0x0000000000002aac      0xbc0 utils.c.o
 .debug_info    0x000000000000366c      0xd11 fors.c.o
 .debug_info    0x000000000000437d      0xebb sign.c.o
 .debug_info    0x0000000000005238      0x6e2 hash.c.o
 .debug_info    0x000000000000591a      0xaea hash_sha256.c.o
 .debug_info    0x0000000000006404      0x520 thash.c.o
 .debug_info    0x0000000000006924      0x5d9 thash_sha256_robust.c.o
 .debug_info    0x0000000000006efd      0x525 thash_sha256_simple.c.o
 .debug_info    0x0000000000007422      0x753 hash_shake256.c.o
 .debug_info    0x0000000000007b75      0x51c thash_shake256_robust.c.o
 .debug_info    0x0000000000008091      0x48c thash_shake256_simple.c.o
 .debug_info    0x000000000000851d      0x892 wotsx1.c.o
 .debug_info    0x0000000000008daf      0x92c merkle.c.o
 .debug_info    0x00000000000096db      0x8f0 utilsx1.c.o
 .debug_info    0x0000000000009fcb     0x1015 fips202.c.o
 .debug_info    0x000000000000afe0     0x1414 sha256.c.o
 .debug_info    0x000000000000c3f4     0x1027 unix.c.o

.debug_abbrev   0x0000000000000000     0x20aa
 *(.debug_abbrev)
 .debug_abbrev  0x0000000000000000      0x26d /usr/lib/gcc/x86_64-linux-gnu/9/libasan_preinit.o
 .debug_abbrev  0x000000000000026d      0x156 params.c.o
 .debug_abbrev  0x00000000000003c3      0x129 address.c.o
 .debug_abbrev  0x00000000000004ec       0xe8 rng.c.o
 .debug_abbrev  0x00000000000005d4      0x18c wots.c.o
 .debug_abbrev  0x0000000000000760      0x1fa utils.c.o
 .debug_abbrev  0x000000000000095a      0x1c0 fors.c.o
 .debug_abbrev  0x0000000000000b1a      0x1da sign.c.o
 .debug_abbrev  0x0000000000000cf4      0x129 hash.c.o
 .debug_abbrev  0x0000000000000e1d      0x154 hash_sha256.c.o
 .debug_abbrev  0x0000000000000f71      0x12c thash.c.o
 .debug_abbrev  0x000000000000109d      0x12e thash_sha256_robust.c.o
 .debug_abbrev  0x00000000000011cb      0x12e thash_sha256_simple.c.o
 .debug_abbrev  0x00000000000012f9      0x154 hash_shake256.c.o
 .debug_abbrev  0x000000000000144d      0x11d thash_shake256_robust.c.o
 .debug_abbrev  0x000000000000156a      0x10c thash_shake256_simple.c.o
 .debug_abbrev  0x0000000000001676      0x16a wotsx1.c.o
 .debug_abbrev  0x00000000000017e0      0x16a merkle.c.o
 .debug_abbrev  0x000000000000194a      0x178 utilsx1.c.o
 .debug_abbrev  0x0000000000001ac2      0x159 fips202.c.o
 .debug_abbrev  0x0000000000001c1b      0x22f sha256.c.o
 .debug_abbrev  0x0000000000001e4a      0x260 unix.c.o

.debug_line     0x0000000000000000     0xa244
 *(.debug_line .debug_line.* .debug_line_end)
 .debug_line    0x0000000000000000      0x161 /usr/lib/gcc/x86_64-linux-gnu/9/libasan_preinit.o
 .debug_line    0x0000000000000161      0x865 params.c.o
 .debug_line    0x00000000000009c6      0x4b9 address.c.o
 .debug_line    0x0000000000000e7f      0x447 rng.c.o
 .debug_line    0x00000000000012c6      0x6ae wots.c.o
 .debug_line    0x0000000000001974      0x9de utils.c.o
 .debug_line    0x0000000000002352      0xa3d fors.c.o
 .debug_line    0x0000000000002d8f      0xb38 sign.c.o
 .debug_line    0x00000000000038c7      0x59b hash.c.o
 .debug_line    0x0000000000003e62      0x833 hash_sha256.c.o
 .debug_line    0x0000000000004695      0x3a5 thash.c.o
 .debug_line    0x0000000000004a3a      0x466 thash_sha256_robust.c.o
 .debug_line    0x0000000000004ea0      0x36c thash_sha256_simple.c.o
 .debug_line    0x000000000000520c      0x45e hash_shake256.c.o
 .debug_line    0x000000000000566a      0x4ab thash_shake256_robust.c.o
 .debug_line    0x0000000000005b15      0x38e thash_shake256_simple.c.o
 .debug_line    0x0000000000005ea3      0x4fe wotsx1.c.o
 .debug_line    0x00000000000063a1      0x506 merkle.c.o
 .debug_line    0x00000000000068a7      0x57e utilsx1.c.o
 .debug_line    0x0000000000006e25     0x1609 fips202.c.o
 .debug_line    0x000000000000842e     0x12ad sha256.c.o
 .debug_line    0x00000000000096db      0xb69 unix.c.o

.debug_frame
 *(.debug_frame)

.debug_str      0x0000000000000000     0xa3ed
 *(.debug_str)
 .debug_str     0x0000000000000000     0x12af /usr/lib/gcc/x86_64-linux-gnu/9/libasan_preinit.o
                                       0x1345 (size before relaxing)
 .debug_str     0x00000000000012af     0x6750 params.c.o
                                       0x68ac (size before relaxing)
 .debug_str     0x00000000000079ff      0x96b address.c.o
                                       0x57bc (size before relaxing)
 .debug_str     0x000000000000836a       0x69 rng.c.o
                                       0x5a82 (size before relaxing)
 .debug_str     0x00000000000083d3      0x337 wots.c.o
                                       0x59eb (size before relaxing)
 .debug_str     0x000000000000870a      0x1b0 utils.c.o
                                       0x6fa0 (size before relaxing)
 .debug_str     0x00000000000088ba      0x255 fors.c.o
                                       0x6e72 (size before relaxing)
 .debug_str     0x0000000000008b0f      0x1cf sign.c.o
                                       0x5b05 (size before relaxing)
 .debug_str     0x0000000000008cde       0x9f hash.c.o
                                       0x6cc4 (size before relaxing)
 .debug_str     0x0000000000008d7d      0x202 hash_sha256.c.o
                                       0x5a45 (size before relaxing)
 .debug_str     0x0000000000008f7f       0xec thash.c.o
                                       0x522a (size before relaxing)
 .debug_str     0x000000000000906b       0xaa thash_sha256_robust.c.o
                                       0x5332 (size before relaxing)
 .debug_str     0x0000000000009115       0xa2 thash_sha256_simple.c.o
                                       0x5334 (size before relaxing)
 .debug_str     0x00000000000091b7       0xb1 hash_shake256.c.o
                                       0x597d (size before relaxing)
 .debug_str     0x0000000000009268       0xa4 thash_shake256_robust.c.o
                                       0x530b (size before relaxing)
 .debug_str     0x000000000000930c       0xaa thash_shake256_simple.c.o
                                       0x531f (size before relaxing)
 .debug_str     0x00000000000093b6      0x19f wotsx1.c.o
                                       0x5a77 (size before relaxing)
 .debug_str     0x0000000000009555       0x9e merkle.c.o
                                       0x59b3 (size before relaxing)
 .debug_str     0x00000000000095f3       0xa1 utilsx1.c.o
                                       0x5875 (size before relaxing)
 .debug_str     0x0000000000009694      0x2c1 fips202.c.o
                                       0x510e (size before relaxing)
 .debug_str     0x0000000000009955      0x948 sha256.c.o
                                       0x6157 (size before relaxing)
 .debug_str     0x000000000000a29d      0x150 unix.c.o
                                       0x726c (size before relaxing)

.debug_loc
 *(.debug_loc)

.debug_macinfo
 *(.debug_macinfo)

.debug_weaknames
 *(.debug_weaknames)

.debug_funcnames
 *(.debug_funcnames)

.debug_typenames
 *(.debug_typenames)

.debug_varnames
 *(.debug_varnames)

.debug_pubtypes
 *(.debug_pubtypes)

.debug_ranges   0x0000000000000000      0xcb0
 *(.debug_ranges)
 .debug_ranges  0x0000000000000000       0x50 params.c.o
 .debug_ranges  0x0000000000000050       0xb0 address.c.o
 .debug_ranges  0x0000000000000100       0x40 rng.c.o
 .debug_ranges  0x0000000000000140       0x70 wots.c.o
 .debug_ranges  0x00000000000001b0       0xc0 utils.c.o
 .debug_ranges  0x0000000000000270       0x90 fors.c.o
 .debug_ranges  0x0000000000000300       0xf0 sign.c.o
 .debug_ranges  0x00000000000003f0       0x60 hash.c.o
 .debug_ranges  0x0000000000000450       0x90 hash_sha256.c.o
 .debug_ranges  0x00000000000004e0       0x50 thash.c.o
 .debug_ranges  0x0000000000000530       0x50 thash_sha256_robust.c.o
 .debug_ranges  0x0000000000000580       0x50 thash_sha256_simple.c.o
 .debug_ranges  0x00000000000005d0       0x50 hash_shake256.c.o
 .debug_ranges  0x0000000000000620       0x50 thash_shake256_robust.c.o
 .debug_ranges  0x0000000000000670       0x50 thash_shake256_simple.c.o
 .debug_ranges  0x00000000000006c0       0x30 wotsx1.c.o
 .debug_ranges  0x00000000000006f0       0x50 merkle.c.o
 .debug_ranges  0x0000000000000740      0x150 utilsx1.c.o
 .debug_ranges  0x0000000000000890      0x200 fips202.c.o
 .debug_ranges  0x0000000000000a90      0x170 sha256.c.o
 .debug_ranges  0x0000000000000c00       0xb0 unix.c.o

.debug_macro    0x0000000000000000     0x539b
 *(.debug_macro)
 .debug_macro   0x0000000000000000      0x2e1 params.c.o
 .debug_macro   0x00000000000002e1      0x83e params.c.o
 .debug_macro   0x0000000000000b1f       0x1c params.c.o
 .debug_macro   0x0000000000000b3b       0x10 params.c.o
 .debug_macro   0x0000000000000b4b       0x10 params.c.o
 .debug_macro   0x0000000000000b5b      0x1bb params.c.o
 .debug_macro   0x0000000000000d16      0x17f params.c.o
 .debug_macro   0x0000000000000e95       0x16 params.c.o
 .debug_macro   0x0000000000000eab       0x4a params.c.o
 .debug_macro   0x0000000000000ef5       0x40 params.c.o
 .debug_macro   0x0000000000000f35       0x4c params.c.o
 .debug_macro   0x0000000000000f81       0x10 params.c.o
 .debug_macro   0x0000000000000f91       0x97 params.c.o
 .debug_macro   0x0000000000001028       0x10 params.c.o
 .debug_macro   0x0000000000001038       0x67 params.c.o
 .debug_macro   0x000000000000109f       0xf4 params.c.o
 .debug_macro   0x0000000000001193       0x10 params.c.o
 .debug_macro   0x00000000000011a3       0x34 params.c.o
 .debug_macro   0x00000000000011d7       0x4c params.c.o
 .debug_macro   0x0000000000001223       0x2e params.c.o
 .debug_macro   0x0000000000001251       0x19 params.c.o
 .debug_macro   0x000000000000126a       0x52 params.c.o
 .debug_macro   0x00000000000012bc       0x16 params.c.o
 .debug_macro   0x00000000000012d2       0x97 params.c.o
 .debug_macro   0x0000000000001369       0x52 params.c.o
 .debug_macro   0x00000000000013bb       0x4c params.c.o
 .debug_macro   0x0000000000001407       0x2e params.c.o
 .debug_macro   0x0000000000001435       0x2e params.c.o
 .debug_macro   0x0000000000001463       0x86 params.c.o
 .debug_macro   0x00000000000014e9       0x28 params.c.o
 .debug_macro   0x0000000000001511       0x4c params.c.o
 .debug_macro   0x000000000000155d       0x12 params.c.o
 .debug_macro   0x000000000000156f       0x1c params.c.o
 .debug_macro   0x000000000000158b       0x10 params.c.o
 .debug_macro   0x000000000000159b       0x10 params.c.o
 .debug_macro   0x00000000000015ab       0x1c params.c.o
 .debug_macro   0x00000000000015c7       0x1c params.c.o
 .debug_macro   0x00000000000015e3       0x4c params.c.o
 .debug_macro   0x000000000000162f       0x22 params.c.o
 .debug_macro   0x0000000000001651       0x10 params.c.o
 .debug_macro   0x0000000000001661       0x4c params.c.o
 .debug_macro   0x00000000000016ad       0x20 params.c.o
 .debug_macro   0x00000000000016cd       0x46 params.c.o
 .debug_macro   0x0000000000001713       0x16 params.c.o
 .debug_macro   0x0000000000001729       0x16 params.c.o
 .debug_macro   0x000000000000173f       0x10 params.c.o
 .debug_macro   0x000000000000174f       0x10 params.c.o
 .debug_macro   0x000000000000175f      0x1e0 address.c.o
 .debug_macro   0x000000000000193f       0x10 address.c.o
 .debug_macro   0x000000000000194f       0x16 address.c.o
 .debug_macro   0x0000000000001965      0x1b8 address.c.o
 .debug_macro   0x0000000000001b1d       0x10 address.c.o
 .debug_macro   0x0000000000001b2d       0x10 address.c.o
 .debug_macro   0x0000000000001b3d       0x10 address.c.o
 .debug_macro   0x0000000000001b4d       0xfd address.c.o
 .debug_macro   0x0000000000001c4a       0x35 address.c.o
 .debug_macro   0x0000000000001c7f      0x25b rng.c.o
 .debug_macro   0x0000000000001eda      0x10e rng.c.o
 .debug_macro   0x0000000000001fe8       0x52 rng.c.o
 .debug_macro   0x000000000000203a      0x227 wots.c.o
 .debug_macro   0x0000000000002261       0x1c wots.c.o
 .debug_macro   0x000000000000227d       0x28 wots.c.o
 .debug_macro   0x00000000000022a5       0x28 wots.c.o
 .debug_macro   0x00000000000022cd      0x3c5 utils.c.o
 .debug_macro   0x0000000000002692      0x3dd fors.c.o
 .debug_macro   0x0000000000002a6f      0x826 fors.c.o
 .debug_macro   0x0000000000003295       0x20 fors.c.o
 .debug_macro   0x00000000000032b5       0x8d fors.c.o
 .debug_macro   0x0000000000003342       0x40 fors.c.o
 .debug_macro   0x0000000000003382      0x249 sign.c.o
 .debug_macro   0x00000000000035cb      0x174 sign.c.o
 .debug_macro   0x000000000000373f      0x34c hash.c.o
 .debug_macro   0x0000000000003a8b      0x223 hash_sha256.c.o
 .debug_macro   0x0000000000003cae      0x127 thash.c.o
 .debug_macro   0x0000000000003dd5       0x22 thash.c.o
 .debug_macro   0x0000000000003df7      0x178 thash_sha256_robust.c.o
 .debug_macro   0x0000000000003f6f      0x178 thash_sha256_simple.c.o
 .debug_macro   0x00000000000040e7      0x224 hash_shake256.c.o
 .debug_macro   0x000000000000430b      0x178 thash_shake256_robust.c.o
 .debug_macro   0x0000000000004483      0x178 thash_shake256_simple.c.o
 .debug_macro   0x00000000000045fb      0x230 wotsx1.c.o
 .debug_macro   0x000000000000482b       0x10 wotsx1.c.o
 .debug_macro   0x000000000000483b      0x22d merkle.c.o
 .debug_macro   0x0000000000004a68      0x210 utilsx1.c.o
 .debug_macro   0x0000000000004c78      0x107 fips202.c.o
 .debug_macro   0x0000000000004d7f      0x263 sha256.c.o
 .debug_macro   0x0000000000004fe2      0x3b9 unix.c.o

.debug_addr
 *(.debug_addr)

.gnu.attributes
 *(.gnu.attributes)

/DISCARD/
 *(.note.GNU-stack)
 *(.gnu_debuglink)
 *(.gnu.lto_*)
OUTPUT(spx_streaming.elf elf64-x86-64)
